Microchip MPLAB XC8 Compiler V2.31

Linker command line:

-W-3 --edf=C:\Program Files\Microchip\xc8\v2.31\pic\dat\en_msgs.txt -cn \
  -h+dist/default/debug\Mini2.X.debug.sym \
  --cmf=dist/default/debug\Mini2.X.debug.cmf -z -Q16F887 \
  -oC:\Users\camil\AppData\Local\Temp\sea8.2 --defsym=__MPLAB_BUILD=1 \
  -Mdist/default/debug/Mini2.X.debug.map -E1 -ver=XC8 Compiler --acfsm=1493 \
  -ASTACK=0110h-016Fh -pstack=STACK \
  -ACODE=00h-07FFhx3,01800h-01EFFh,01FFFh-01FFFh \
  -ASTRCODE=00h-01EFFh,01FFFh-01FFFh -ASTRING=00h-0FFhx31,01FFFh-01FFFh \
  -ACONST=00h-0FFhx31,01FFFh-01FFFh -AENTRY=00h-0FFhx31,01FFFh-01FFFh \
  -ACOMMON=071h-07Fh -ABANK0=020h-06Fh -ABANK1=0A0h-0EFh \
  -ABANK2=0110h-016Fh -ABANK3=0190h-01E4h \
  -ARAM=020h-06Fh,0A0h-0EFh,0110h-016Fh,0190h-01E4h \
  -AABS1=020h-07Fh,0A0h-0EFh,0110h-016Fh,0190h-01EFh -ASFR0=00h-01Fh \
  -ASFR1=080h-09Fh -ASFR2=0100h-010Fh -ASFR3=0180h-018Fh \
  -ACONFIG=02007h-02008h -DCONFIG=2 -AIDLOC=02000h-02003h -DIDLOC=2 \
  -AEEDATA=00h-0FFh/02100h -peeprom_data=EEDATA -DEEDATA=2 -DCODE=2 \
  -DSTRCODE=2 -DSTRING=2 -DCONST=2 -DENTRY=2 \
  -preset_vec=00h,intentry=04h,init,end_init -ppowerup=CODE -pcinit=CODE \
  -pfunctab=ENTRY -k C:\Users\camil\AppData\Local\Temp\sea8.o \
  dist/default/debug\Mini2.X.debug.o 

Object code version is 3.11

Machine type is 16F887



                Name                               Link     Load   Length Selector   Space Scale
C:\Users\camil\AppData\Local\Temp\sea8.o
                end_init                              C        C        3        8       0
                reset_vec                             0        0        4        0       0
                config                             2007     2007        2        0       4
dist/default/debug\Mini2.X.debug.o
                cinit                               7EB      7EB       15      FD6       0
                intentry                              4        4        8        8       0
                config                             2007     2007        2        0       4
                text24                              925      925        A     124A       0
                text23                              950      950       18     12A0       0
                text22                              943      943        D     1286       0
                text21                              913      913        9     1226       0
                text20                              91C      91C        9     1238       0
                text19                              92F      92F        A     125E       0
                text18                              9C8      9C8       2D     1390       0
                text17                              A5D      A5D       48     14BA       0
                text16                              9F5      9F5       2E     13EA       0
                text15                              AED      AED       56     15DA       0
                text14                                F        F       44        8       0
                text13                              DB1      DB1      124     1B62       0
                text12                              C35      C35       9D     186A       0
                text11                              B43      B43       68     1686       0
                text10                              AA5      AA5       48     154A       0
                text9                               2B5      2B5      536      56A       0
                text8                               CD2      CD2       DF     19A4       0
                text7                                53       53      262       A6       0
                text6                               939      939        A     1272       0
                text5                               984      984       1F     1308       0
                text4                               9A3      9A3       25     1346       0
                text3                               ED5      ED5      12B     1DAA       0
                text2                               A23      A23       3A     1446       0
                text1                               968      968       1C     12D0       0
                maintext                            BAB      BAB       8A     1756       0
                cstackBANK0                          20       20       45       20       1
                cstackCOMMON                         71       71        A       71       1
                clrtext                             90B      90B        8     1216       0
                bssBANK1                             A0       A0       2C       A0       1
                bssBANK0                             65       65        9       20       1
                strings                             800      800        A     1000       0

TOTAL           Name                               Link     Load   Length     Space
        CLASS   STACK          

        CLASS   CODE           
                end_init                              C        C        3         0
                cinit                               7EB      7EB       15         0
                intentry                              4        4        8         0
                reset_vec                             0        0        4         0
                text24                              925      925        A         0
                text23                              950      950       18         0
                text22                              943      943        D         0
                text21                              913      913        9         0
                text20                              91C      91C        9         0
                text19                              92F      92F        A         0
                text18                              9C8      9C8       2D         0
                text17                              A5D      A5D       48         0
                text16                              9F5      9F5       2E         0
                text15                              AED      AED       56         0
                text14                                F        F       44         0
                text13                              DB1      DB1      124         0
                text12                              C35      C35       9D         0
                text11                              B43      B43       68         0
                text10                              AA5      AA5       48         0
                text9                               2B5      2B5      536         0
                text8                               CD2      CD2       DF         0
                text7                                53       53      262         0
                text6                               939      939        A         0
                text5                               984      984       1F         0
                text4                               9A3      9A3       25         0
                text3                               ED5      ED5      12B         0
                text2                               A23      A23       3A         0
                text1                               968      968       1C         0
                maintext                            BAB      BAB       8A         0
                clrtext                             90B      90B        8         0

        CLASS   STRCODE        

        CLASS   STRING         
                strings                             800      800        A         0

        CLASS   CONST          

        CLASS   ENTRY          

        CLASS   COMMON         
                cstackCOMMON                         71       71        A         1

        CLASS   BANK0          
                cstackBANK0                          20       20       45         1
                bssBANK0                             65       65        9         1

        CLASS   BANK1          
                bssBANK1                             A0       A0       2C         1

        CLASS   BANK2          

        CLASS   BANK3          

        CLASS   RAM            

        CLASS   ABS1           
                abs_s1                               7E       7E        2         1

        CLASS   SFR0           

        CLASS   SFR1           

        CLASS   SFR2           

        CLASS   SFR3           

        CLASS   CONFIG         
                config                             2007     2007        2         4

        CLASS   IDLOC          

        CLASS   EEDATA         



SEGMENTS        Name                           Load    Length   Top    Selector   Space  Class     Delta

                reset_vec                      000000  000004  000004         0       0  CODE        2
                intentry                       000004  00004F  000053         8       0  CODE        2
                cstackBANK0                    000020  00004E  00006E        20       1  BANK0       1
                cstackCOMMON                   000071  00000A  00007B        71       1  COMMON      1
                bssBANK1                       0000A0  00002C  0000CC        A0       1  BANK1       1
                text7                          000053  000262  0002B5        A6       0  CODE        2
                text9                          0002B5  000536  0007EB       56A       0  CODE        2
                cinit                          0007EB  000015  000800       FD6       0  CODE        2
                strings                        000800  00000A  00080A      1000       0  STRING      2
                clrtext                        00090B  000008  000913      1216       0  CODE        2
                text21                         000913  000009  00091C      1226       0  CODE        2
                text20                         00091C  000009  000925      1238       0  CODE        2
                text24                         000925  00000A  00092F      124A       0  CODE        2
                text19                         00092F  00000A  000939      125E       0  CODE        2
                text6                          000939  00000A  000943      1272       0  CODE        2
                text22                         000943  00000D  000950      1286       0  CODE        2
                text23                         000950  000018  000968      12A0       0  CODE        2
                text1                          000968  00001C  000984      12D0       0  CODE        2
                text5                          000984  00001F  0009A3      1308       0  CODE        2
                text4                          0009A3  000025  0009C8      1346       0  CODE        2
                text18                         0009C8  00002D  0009F5      1390       0  CODE        2
                text16                         0009F5  00002E  000A23      13EA       0  CODE        2
                text2                          000A23  00003A  000A5D      1446       0  CODE        2
                text17                         000A5D  000048  000AA5      14BA       0  CODE        2
                text10                         000AA5  000048  000AED      154A       0  CODE        2
                text15                         000AED  000056  000B43      15DA       0  CODE        2
                text11                         000B43  000068  000BAB      1686       0  CODE        2
                maintext                       000BAB  00008A  000C35      1756       0  CODE        2
                text12                         000C35  00009D  000CD2      186A       0  CODE        2
                text8                          000CD2  0000DF  000DB1      19A4       0  CODE        2
                text13                         000DB1  000124  000ED5      1B62       0  CODE        2
                text3                          000ED5  00012B  001000      1DAA       0  CODE        2


UNUSED ADDRESS RANGES

        Name                Unused          Largest block    Delta
        BANK0            006E-006F              2           1
        BANK1            00CC-00EF             24           1
        BANK2            0110-016F             60           1
        BANK3            0190-01E4             55           1
        CODE             080A-090A            101           2
                         1000-1EFF            800
                         1FFF-1FFF              1
        COMMON           007B-007D              3           1
        CONST            080A-090A             F6           2
                         1000-1EFF            100
                         1FFF-1FFF              1
        EEDATA           2100-21FF            100           2
        ENTRY            080A-090A             F6           2
                         1000-1EFF            100
                         1FFF-1FFF              1
        IDLOC            2000-2003              4           2
        RAM              006E-006F              2           1
                         00CC-00EF             24
                         0110-016F             60
                         0190-01E4             55
        SFR0             0000-001F             20           1
        SFR1             0080-009F             20           1
        SFR2             0100-010F             10           1
        SFR3             0180-018F             10           1
        STACK            0110-016F             60           1
        STRCODE          080A-090A            101           2
                         1000-1EFF            F00
                         1FFF-1FFF              1
        STRING           080A-090A             F6           2
                         1000-1EFF            100
                         1FFF-1FFF              1

                                  Symbol Table

?_BMP280_Read16                  cstackBANK0  0020
?_I2C_Master_Read                cstackCOMMON 0074
?___aldiv                        cstackBANK0  0020
?___lldiv                        cstackBANK0  0020
?___lmul                         cstackBANK0  0028
?___wmul                         cstackCOMMON 0074
BMP280_Configure@P_sampling      cstackBANK0  0021
BMP280_Configure@T_sampling      cstackBANK0  0020
BMP280_Configure@_config         cstackBANK0  0029
BMP280_Configure@_ctrl_meas      cstackBANK0  0028
BMP280_Configure@filter          cstackBANK0  0022
BMP280_Configure@mode            cstackBANK0  0027
BMP280_Configure@standby         cstackBANK0  0023
BMP280_Read16@reg_addr           cstackBANK0  0024
BMP280_Read16@ret                cstackBANK0  0025
BMP280_Read8@reg_addr            cstackBANK0  0022
BMP280_Read8@ret                 cstackBANK0  0023
BMP280_Update@ret                cstackBANK0  0024
BMP280_Write@_data               cstackCOMMON 0076
BMP280_Write@reg_addr            cstackCOMMON 0079
BMP280_begin@P_sampling          cstackBANK0  002B
BMP280_begin@T_sampling          cstackBANK0  002A
BMP280_begin@filter              cstackBANK0  002C
BMP280_begin@mode                cstackCOMMON 007A
BMP280_begin@standby             cstackBANK0  002D
BMP280_readPressure@p            cstackBANK0  005A
BMP280_readPressure@pres         cstackBANK0  0051
BMP280_readPressure@var1         cstackBANK0  005E
BMP280_readPressure@var2         cstackBANK0  0056
BMP280_readTemperature@temp      cstackBANK0  0051
BMP280_readTemperature@var1      cstackBANK0  0045
BMP280_readTemperature@var2      cstackBANK0  0049
I2C_Master_Init@c                cstackBANK0  0028
I2C_Master_Read@a                cstackCOMMON 0074
I2C_Master_Read@temp1            cstackCOMMON 0078
I2C_Master_Write@d               cstackCOMMON 0074
Send_Data@X                      cstackCOMMON 0074
Send_String@X                    cstackCOMMON 0076
_ANSEL                           (abs)        0188
_ANSELH                          (abs)        0189
_BAUDCTLbits                     (abs)        0187
_BMP280_Configure                text17       0A5D
_BMP280_Read16                   text15       0AED
_BMP280_Read8                    text14       000F
_BMP280_Update                   text8        0CD2
_BMP280_Write                    text18       09C8
_BMP280_begin                    text13       0DB1
_BMP280_calib                    bssBANK1     00AC
_BMP280_readPressure             text9        02B5
_BMP280_readPressure$1204        cstackBANK0  0052
_BMP280_readPressure$1205        cstackBANK0  0045
_BMP280_readPressure$1206        cstackBANK0  0049
_BMP280_readPressure$1207        cstackBANK0  004D
_BMP280_readTemperature          text7        0053
_BMP280_readTemperature$1202     cstackBANK0  0052
_BMP280_readTemperature$1203     cstackBANK0  004D
_GIE                             (abs)        005F
_I2C_Master_Init                 text2        0A23
_I2C_Master_Read                 text16       09F5
_I2C_Master_Start                text21       0913
_I2C_Master_Stop                 text20       091C
_I2C_Master_Wait                 text22       0943
_I2C_Master_Write                text19       092F
_PEIE                            (abs)        005E
_PIE1bits                        (abs)        008C
_PIR1bits                        (abs)        000C
_PORTA                           (abs)        0005
_PORTB                           (abs)        0006
_PORTBbits                       (abs)        0006
_PORTD                           (abs)        0008
_RCREG                           (abs)        001A
_RCSTAbits                       (abs)        0018
_RX                              bssBANK0     0069
_Receive_Data                    text24       0925
_SPBRG                           (abs)        0099
_SPBRGH                          (abs)        009A
_SSPADD                          (abs)        0093
_SSPBUF                          (abs)        0013
_SSPCON                          (abs)        0014
_SSPCON2                         (abs)        0091
_SSPCON2bits                     (abs)        0091
_SSPIE                           (abs)        0463
_SSPIF                           (abs)        0063
_SSPSTAT                         (abs)        0094
_Send_Data                       text6        0939
_Send_String                     text5        0984
_Send_Temp                       text3        0ED5
_TRISA                           (abs)        0085
_TRISB                           (abs)        0086
_TRISC3                          (abs)        043B
_TRISC4                          (abs)        043C
_TRISCbits                       (abs)        0087
_TRISD                           (abs)        0088
_TXIF                            (abs)        0064
_TXREG                           (abs)        0019
_TXSTAbits                       (abs)        0098
__Habs1                          abs1         0000
__Hbank0                         bank0        0000
__Hbank1                         bank1        0000
__Hbank2                         bank2        0000
__Hbank3                         bank3        0000
__HbssBANK0                      bssBANK0     0000
__HbssBANK1                      bssBANK1     0000
__Hcinit                         cinit        0800
__Hclrtext                       clrtext      0000
__Hcode                          code         0000
__Hcommon                        common       0000
__Hconfig                        config       2009
__HcstackBANK0                   cstackBANK0  0000
__HcstackCOMMON                  cstackCOMMON 0000
__Heeprom_data                   eeprom_data  0000
__Hend_init                      end_init     000F
__Hfunctab                       functab      0000
__Hinit                          init         000C
__Hintentry                      intentry     000C
__Hmaintext                      maintext     0000
__Hpowerup                       powerup      0000
__Hram                           ram          0000
__Hreset_vec                     reset_vec    0004
__Hsfr0                          sfr0         0000
__Hsfr1                          sfr1         0000
__Hsfr2                          sfr2         0000
__Hsfr3                          sfr3         0000
__Hspace_0                       (abs)        1000
__Hspace_1                       (abs)        00CC
__Hspace_2                       (abs)        0000
__Hspace_3                       (abs)        0000
__Hspace_4                       (abs)        4010
__Hstack                         stack        0000
__Hstrings                       strings      0000
__Htext                          text         0000
__Labs1                          abs1         0000
__Lbank0                         bank0        0000
__Lbank1                         bank1        0000
__Lbank2                         bank2        0000
__Lbank3                         bank3        0000
__LbssBANK0                      bssBANK0     0000
__LbssBANK1                      bssBANK1     0000
__Lcinit                         cinit        07EB
__Lclrtext                       clrtext      0000
__Lcode                          code         0000
__Lcommon                        common       0000
__Lconfig                        config       0000
__LcstackBANK0                   cstackBANK0  0000
__LcstackCOMMON                  cstackCOMMON 0000
__Leeprom_data                   eeprom_data  0000
__Lend_init                      end_init     000C
__Lfunctab                       functab      0000
__Linit                          init         000C
__Lintentry                      intentry     0004
__Lmaintext                      maintext     0000
__Lpowerup                       powerup      0000
__Lram                           ram          0000
__Lreset_vec                     reset_vec    0000
__Lsfr0                          sfr0         0000
__Lsfr1                          sfr1         0000
__Lsfr2                          sfr2         0000
__Lsfr3                          sfr3         0000
__Lspace_0                       (abs)        0000
__Lspace_1                       (abs)        0000
__Lspace_2                       (abs)        0000
__Lspace_3                       (abs)        0000
__Lspace_4                       (abs)        0000
__Lstack                         stack        0000
__Lstrings                       strings      0000
__Ltext                          text         0000
__S0                             (abs)        1000
__S1                             (abs)        00CC
__S2                             (abs)        0000
__S3                             (abs)        0000
___aldiv                         text12       0C35
___aldiv@counter                 cstackCOMMON 0075
___aldiv@dividend                cstackBANK0  0024
___aldiv@divisor                 cstackBANK0  0020
___aldiv@quotient                cstackCOMMON 0077
___aldiv@sign                    cstackCOMMON 0076
___int_sp                        stack        0000
___latbits                       (abs)        0002
___lldiv                         text11       0B43
___lldiv@counter                 cstackCOMMON 0079
___lldiv@dividend                cstackBANK0  0024
___lldiv@divisor                 cstackBANK0  0020
___lldiv@quotient                cstackCOMMON 0075
___lmul                          text10       0AA5
___lmul@multiplicand             cstackBANK0  002C
___lmul@multiplier               cstackBANK0  0028
___lmul@product                  cstackBANK0  0031
___sp                            stack        0000
___stackhi                       (abs)        0000
___stacklo                       (abs)        0000
___wmul                          text4        09A3
___wmul@multiplicand             cstackCOMMON 0076
___wmul@multiplier               cstackCOMMON 0074
___wmul@product                  cstackCOMMON 0078
__end_of_BMP280_Configure        text17       0AA5
__end_of_BMP280_Read16           text15       0B43
__end_of_BMP280_Read8            text14       0053
__end_of_BMP280_Update           text8        0DB1
__end_of_BMP280_Write            text18       09F5
__end_of_BMP280_begin            text13       0ED5
__end_of_BMP280_readPressure     text9        07EB
__end_of_BMP280_readTemperature  text7        02B5
__end_of_I2C_Master_Init         text2        0A5D
__end_of_I2C_Master_Read         text16       0A23
__end_of_I2C_Master_Start        text21       091C
__end_of_I2C_Master_Stop         text20       0925
__end_of_I2C_Master_Wait         text22       0950
__end_of_I2C_Master_Write        text19       0939
__end_of_Receive_Data            text24       092F
__end_of_Send_Data               text6        0943
__end_of_Send_String             text5        09A3
__end_of_Send_Temp               text3        1000
__end_of___aldiv                 text12       0CD2
__end_of___lldiv                 text11       0BAB
__end_of___lmul                  text10       0AED
__end_of___wmul                  text4        09C8
__end_of__initialization         cinit        07FC
__end_of__stringtab              strings      0806
__end_of_isr                     text23       0968
__end_of_main                    maintext     0C35
__end_of_setup                   text1        0984
__initialization                 cinit        07EB
__pbssBANK0                      bssBANK0     0065
__pbssBANK1                      bssBANK1     00A0
__pcstackBANK0                   cstackBANK0  0020
__pcstackCOMMON                  cstackCOMMON 0071
__pintentry                      intentry     0004
__pmaintext                      maintext     0BAB
__pstrings                       strings      0800
__ptext1                         text1        0968
__ptext10                        text10       0AA5
__ptext11                        text11       0B43
__ptext12                        text12       0C35
__ptext13                        text13       0DB1
__ptext14                        text14       000F
__ptext15                        text15       0AED
__ptext16                        text16       09F5
__ptext17                        text17       0A5D
__ptext18                        text18       09C8
__ptext19                        text19       092F
__ptext2                         text2        0A23
__ptext20                        text20       091C
__ptext21                        text21       0913
__ptext22                        text22       0943
__ptext23                        text23       0950
__ptext24                        text24       0925
__ptext3                         text3        0ED5
__ptext4                         text4        09A3
__ptext5                         text5        0984
__ptext6                         text6        0939
__ptext7                         text7        0053
__ptext8                         text8        0CD2
__ptext9                         text9        02B5
__size_of_BMP280_Configure       (abs)        0000
__size_of_BMP280_Read16          (abs)        0000
__size_of_BMP280_Read8           (abs)        0000
__size_of_BMP280_Update          (abs)        0000
__size_of_BMP280_Write           (abs)        0000
__size_of_BMP280_begin           (abs)        0000
__size_of_BMP280_readPressure    (abs)        0000
__size_of_BMP280_readTemperature (abs)        0000
__size_of_I2C_Master_Init        (abs)        0000
__size_of_I2C_Master_Read        (abs)        0000
__size_of_I2C_Master_Start       (abs)        0000
__size_of_I2C_Master_Stop        (abs)        0000
__size_of_I2C_Master_Wait        (abs)        0000
__size_of_I2C_Master_Write       (abs)        0000
__size_of_Receive_Data           (abs)        0000
__size_of_Send_Data              (abs)        0000
__size_of_Send_String            (abs)        0000
__size_of_Send_Temp              (abs)        0000
__size_of___aldiv                (abs)        0000
__size_of___lldiv                (abs)        0000
__size_of___lmul                 (abs)        0000
__size_of___wmul                 (abs)        0000
__size_of_isr                    (abs)        0000
__size_of_main                   (abs)        0000
__size_of_setup                  (abs)        0000
__stringbase                     strings      0805
__stringtab                      strings      0800
_adc_P                           bssBANK1     00A4
_adc_T                           bssBANK1     00A8
_centi                           bssBANK0     006A
_dec                             bssBANK0     006D
_deci                            bssBANK0     006B
_isr                             text23       0950
_main                            maintext     0BAB
_pressure                        bssBANK1     00C4
_setup                           text1        0968
_t_fine                          bssBANK1     00A0
_temp                            bssBANK0     0065
_temperature                     bssBANK1     00C8
_uni                             bssBANK0     006C
btemp                            (abs)        007E
clear_ram0                       clrtext      090B
end_of_initialization            cinit        07FC
interrupt_function               intentry     0004
intlevel0                        functab      0000
intlevel1                        functab      0000
intlevel2                        functab      0000
intlevel3                        functab      0000
intlevel4                        functab      0000
intlevel5                        functab      0000
reset_vec                        reset_vec    0000
saved_w                          (abs)        007E
start                            init         000C
start_initialization             cinit        07EB
wtemp0                           (abs)        007E


FUNCTION INFORMATION:

 *************** function _main *****************
 Defined at:
		line 126 in file "mainm2.c"
 Parameters:    Size  Location     Type
		None
 Auto vars:     Size  Location     Type
		None
 Return value:  Size  Location     Type
                  1    wreg      void 
 Registers used:
		wreg, fsr0l, fsr0h, status,2, status,0, pclath, cstack
 Tracked objects:
		On entry : 
		On exit  : 
		Unchanged: 
 Data sizes:     COMMON   BANK0   BANK1   BANK3   BANK2
      Params:         0       0       0       0       0
      Locals:         0       0       0       0       0
      Temps:          0       3       0       0       0
      Totals:         0       3       0       0       0
Total ram usage:        3 bytes
 Hardware stack levels required when called:    7
 This function calls:
		_BMP280_begin
		_BMP280_readPressure
		_BMP280_readTemperature
		_Send_Data
		_Send_String
		_Send_Temp
		_setup
 This function is called by:
		Startup code after reset
 This function uses a non-reentrant model


 *************** function _setup *****************
 Defined at:
		line 169 in file "mainm2.c"
 Parameters:    Size  Location     Type
		None
 Auto vars:     Size  Location     Type
		None
 Return value:  Size  Location     Type
                  1    wreg      void 
 Registers used:
		wreg, status,2, status,0, pclath, cstack
 Tracked objects:
		On entry : 
		On exit  : 
		Unchanged: 
 Data sizes:     COMMON   BANK0   BANK1   BANK3   BANK2
      Params:         0       0       0       0       0
      Locals:         0       0       0       0       0
      Temps:          0       0       0       0       0
      Totals:         0       0       0       0       0
Total ram usage:        0 bytes
 Hardware stack levels used:    1
 Hardware stack levels required when called:    4
 This function calls:
		_I2C_Master_Init
 This function is called by:
		_main
 This function uses a non-reentrant model


 *************** function _I2C_Master_Init *****************
 Defined at:
		line 17 in file "I2C.c"
 Parameters:    Size  Location     Type
  c               4    8[BANK0 ] const unsigned long 
 Auto vars:     Size  Location     Type
		None
 Return value:  Size  Location     Type
                  1    wreg      void 
 Registers used:
		wreg, status,2, status,0, pclath, cstack
 Tracked objects:
		On entry : 
		On exit  : 
		Unchanged: 
 Data sizes:     COMMON   BANK0   BANK1   BANK3   BANK2
      Params:         0       4       0       0       0
      Locals:         0       0       0       0       0
      Temps:          0       4       0       0       0
      Totals:         0       8       0       0       0
Total ram usage:        8 bytes
 Hardware stack levels used:    1
 Hardware stack levels required when called:    3
 This function calls:
		___lldiv
 This function is called by:
		_setup
 This function uses a non-reentrant model


 *************** function _Send_Temp *****************
 Defined at:
		line 186 in file "mainm2.c"
 Parameters:    Size  Location     Type
		None
 Auto vars:     Size  Location     Type
		None
 Return value:  Size  Location     Type
                  1    wreg      void 
 Registers used:
		wreg, status,2, status,0, pclath, cstack
 Tracked objects:
		On entry : 
		On exit  : 
		Unchanged: 
 Data sizes:     COMMON   BANK0   BANK1   BANK3   BANK2
      Params:         0       0       0       0       0
      Locals:         0       0       0       0       0
      Temps:          0      10       0       0       0
      Totals:         0      10       0       0       0
Total ram usage:       10 bytes
 Hardware stack levels used:    1
 Hardware stack levels required when called:    3
 This function calls:
		___lldiv
		___wmul
 This function is called by:
		_main
 This function uses a non-reentrant model


 *************** function ___wmul *****************
 Defined at:
		line 15 in file "C:\Program Files\Microchip\xc8\v2.31\pic\sources\c90\common\Umul16.c"
 Parameters:    Size  Location     Type
  multiplier      2    3[COMMON] unsigned int 
  multiplicand    2    5[COMMON] unsigned int 
 Auto vars:     Size  Location     Type
  product         2    7[COMMON] unsigned int 
 Return value:  Size  Location     Type
                  2    3[COMMON] unsigned int 
 Registers used:
		wreg, status,2, status,0
 Tracked objects:
		On entry : 
		On exit  : 
		Unchanged: 
 Data sizes:     COMMON   BANK0   BANK1   BANK3   BANK2
      Params:         4       0       0       0       0
      Locals:         2       0       0       0       0
      Temps:          0       0       0       0       0
      Totals:         6       0       0       0       0
Total ram usage:        6 bytes
 Hardware stack levels used:    1
 Hardware stack levels required when called:    2
 This function calls:
		Nothing
 This function is called by:
		_Send_Temp
 This function uses a non-reentrant model


 *************** function _Send_String *****************
 Defined at:
		line 23 in file "UART.c"
 Parameters:    Size  Location     Type
  X               1    wreg     PTR unsigned char 
		 -> STR_2(2), STR_1(2), 
 Auto vars:     Size  Location     Type
  X               1    5[COMMON] PTR unsigned char 
		 -> STR_2(2), STR_1(2), 
 Return value:  Size  Location     Type
                  1    wreg      void 
 Registers used:
		wreg, fsr0l, fsr0h, status,2, status,0, pclath, cstack
 Tracked objects:
		On entry : 
		On exit  : 
		Unchanged: 
 Data sizes:     COMMON   BANK0   BANK1   BANK3   BANK2
      Params:         0       0       0       0       0
      Locals:         1       0       0       0       0
      Temps:          1       0       0       0       0
      Totals:         2       0       0       0       0
Total ram usage:        2 bytes
 Hardware stack levels used:    1
 Hardware stack levels required when called:    3
 This function calls:
		_Send_Data
 This function is called by:
		_main
 This function uses a non-reentrant model


 *************** function _Send_Data *****************
 Defined at:
		line 18 in file "UART.c"
 Parameters:    Size  Location     Type
  X               1    wreg     unsigned char 
 Auto vars:     Size  Location     Type
  X               1    3[COMMON] unsigned char 
 Return value:  Size  Location     Type
                  1    wreg      void 
 Registers used:
		wreg
 Tracked objects:
		On entry : 
		On exit  : 
		Unchanged: 
 Data sizes:     COMMON   BANK0   BANK1   BANK3   BANK2
      Params:         0       0       0       0       0
      Locals:         1       0       0       0       0
      Temps:          0       0       0       0       0
      Totals:         1       0       0       0       0
Total ram usage:        1 bytes
 Hardware stack levels used:    1
 Hardware stack levels required when called:    2
 This function calls:
		Nothing
 This function is called by:
		_main
		_Send_String
 This function uses a non-reentrant model


 *************** function _BMP280_readTemperature *****************
 Defined at:
		line 242 in file "BMP280.c"
 Parameters:    Size  Location     Type
  temp            1    wreg     PTR long 
		 -> temperature(4), 
 Auto vars:     Size  Location     Type
  temp            1   49[BANK0 ] PTR long 
		 -> temperature(4), 
  var2            4   41[BANK0 ] long 
  var1            4   37[BANK0 ] long 
 Return value:  Size  Location     Type
                  2   10[None  ] int 
 Registers used:
		wreg, fsr0l, fsr0h, status,2, status,0, pclath, cstack
 Tracked objects:
		On entry : 
		On exit  : 
		Unchanged: 
 Data sizes:     COMMON   BANK0   BANK1   BANK3   BANK2
      Params:         0       0       0       0       0
      Locals:         0      17       0       0       0
      Temps:          0      16       0       0       0
      Totals:         0      33       0       0       0
Total ram usage:       33 bytes
 Hardware stack levels used:    1
 Hardware stack levels required when called:    5
 This function calls:
		_BMP280_Update
		___aldiv
		___lmul
 This function is called by:
		_main
 This function uses a non-reentrant model


 *************** function _BMP280_Update *****************
 Defined at:
		line 211 in file "BMP280.c"
 Parameters:    Size  Location     Type
		None
 Auto vars:     Size  Location     Type
  ret             4    4[BANK0 ] struct .
 Return value:  Size  Location     Type
                  1    wreg      void 
 Registers used:
		wreg, status,2, status,0, pclath, cstack
 Tracked objects:
		On entry : 
		On exit  : 
		Unchanged: 
 Data sizes:     COMMON   BANK0   BANK1   BANK3   BANK2
      Params:         0       0       0       0       0
      Locals:         0       4       0       0       0
      Temps:          0       4       0       0       0
      Totals:         0       8       0       0       0
Total ram usage:        8 bytes
 Hardware stack levels used:    1
 Hardware stack levels required when called:    4
 This function calls:
		_I2C_Master_Read
		_I2C_Master_Start
		_I2C_Master_Stop
		_I2C_Master_Write
 This function is called by:
		_BMP280_readTemperature
 This function uses a non-reentrant model


 *************** function _BMP280_readPressure *****************
 Defined at:
		line 266 in file "BMP280.c"
 Parameters:    Size  Location     Type
  pres            1    wreg     PTR unsigned long 
		 -> pressure(4), 
 Auto vars:     Size  Location     Type
  pres            1   49[BANK0 ] PTR unsigned long 
		 -> pressure(4), 
  var1            4   62[BANK0 ] long 
  p               4   58[BANK0 ] unsigned long 
  var2            4   54[BANK0 ] long 
 Return value:  Size  Location     Type
                  2   12[None  ] int 
 Registers used:
		wreg, fsr0l, fsr0h, status,2, status,0, pclath, cstack
 Tracked objects:
		On entry : 
		On exit  : 
		Unchanged: 
 Data sizes:     COMMON   BANK0   BANK1   BANK3   BANK2
      Params:         0       0       0       0       0
      Locals:         0      29       0       0       0
      Temps:          0      16       0       0       0
      Totals:         0      45       0       0       0
Total ram usage:       45 bytes
 Hardware stack levels used:    1
 Hardware stack levels required when called:    3
 This function calls:
		___aldiv
		___lldiv
		___lmul
 This function is called by:
		_main
 This function uses a non-reentrant model


 *************** function ___lmul *****************
 Defined at:
		line 15 in file "C:\Program Files\Microchip\xc8\v2.31\pic\sources\c90\common\Umul32.c"
 Parameters:    Size  Location     Type
  multiplier      4    8[BANK0 ] unsigned long 
  multiplicand    4   12[BANK0 ] unsigned long 
 Auto vars:     Size  Location     Type
  product         4   17[BANK0 ] unsigned long 
 Return value:  Size  Location     Type
                  4    8[BANK0 ] unsigned long 
 Registers used:
		wreg, status,2, status,0
 Tracked objects:
		On entry : 
		On exit  : 
		Unchanged: 
 Data sizes:     COMMON   BANK0   BANK1   BANK3   BANK2
      Params:         0       8       0       0       0
      Locals:         0       4       0       0       0
      Temps:          0       1       0       0       0
      Totals:         0      13       0       0       0
Total ram usage:       13 bytes
 Hardware stack levels used:    1
 Hardware stack levels required when called:    2
 This function calls:
		Nothing
 This function is called by:
		_BMP280_readTemperature
		_BMP280_readPressure
 This function uses a non-reentrant model


 *************** function ___lldiv *****************
 Defined at:
		line 5 in file "C:\Program Files\Microchip\xc8\v2.31\pic\sources\c90\common\__lldiv.c"
 Parameters:    Size  Location     Type
  divisor         4    0[BANK0 ] unsigned long 
  dividend        4    4[BANK0 ] unsigned long 
 Auto vars:     Size  Location     Type
  quotient        4    4[COMMON] unsigned long 
  counter         1    8[COMMON] unsigned char 
 Return value:  Size  Location     Type
                  4    0[BANK0 ] unsigned long 
 Registers used:
		wreg, status,2, status,0
 Tracked objects:
		On entry : 
		On exit  : 
		Unchanged: 
 Data sizes:     COMMON   BANK0   BANK1   BANK3   BANK2
      Params:         0       8       0       0       0
      Locals:         5       0       0       0       0
      Temps:          1       0       0       0       0
      Totals:         6       8       0       0       0
Total ram usage:       14 bytes
 Hardware stack levels used:    1
 Hardware stack levels required when called:    2
 This function calls:
		Nothing
 This function is called by:
		_Send_Temp
		_I2C_Master_Init
		_BMP280_readPressure
 This function uses a non-reentrant model


 *************** function ___aldiv *****************
 Defined at:
		line 5 in file "C:\Program Files\Microchip\xc8\v2.31\pic\sources\c90\common\aldiv.c"
 Parameters:    Size  Location     Type
  divisor         4    0[BANK0 ] long 
  dividend        4    4[BANK0 ] long 
 Auto vars:     Size  Location     Type
  quotient        4    6[COMMON] long 
  sign            1    5[COMMON] unsigned char 
  counter         1    4[COMMON] unsigned char 
 Return value:  Size  Location     Type
                  4    0[BANK0 ] long 
 Registers used:
		wreg, status,2, status,0
 Tracked objects:
		On entry : 
		On exit  : 
		Unchanged: 
 Data sizes:     COMMON   BANK0   BANK1   BANK3   BANK2
      Params:         0       8       0       0       0
      Locals:         6       0       0       0       0
      Temps:          1       0       0       0       0
      Totals:         7       8       0       0       0
Total ram usage:       15 bytes
 Hardware stack levels used:    1
 Hardware stack levels required when called:    2
 This function calls:
		Nothing
 This function is called by:
		_BMP280_readTemperature
		_BMP280_readPressure
 This function uses a non-reentrant model


 *************** function _BMP280_begin *****************
 Defined at:
		line 156 in file "BMP280.c"
 Parameters:    Size  Location     Type
  mode            1    wreg     enum E1307
  T_sampling      1   10[BANK0 ] enum E1312
  P_sampling      1   11[BANK0 ] enum E1312
  filter          1   12[BANK0 ] enum E1320
  standby         1   13[BANK0 ] enum E1327
 Auto vars:     Size  Location     Type
  mode            1    9[COMMON] enum E1307
 Return value:  Size  Location     Type
                  2   10[BANK0 ] int 
 Registers used:
		wreg, status,2, status,0, pclath, cstack
 Tracked objects:
		On entry : 
		On exit  : 
		Unchanged: 
 Data sizes:     COMMON   BANK0   BANK1   BANK3   BANK2
      Params:         0       4       0       0       0
      Locals:         1       0       0       0       0
      Temps:          0       4       0       0       0
      Totals:         1       8       0       0       0
Total ram usage:        9 bytes
 Hardware stack levels used:    1
 Hardware stack levels required when called:    6
 This function calls:
		_BMP280_Configure
		_BMP280_Read16
		_BMP280_Read8
		_BMP280_Write
 This function is called by:
		_main
 This function uses a non-reentrant model


 *************** function _BMP280_Read8 *****************
 Defined at:
		line 106 in file "BMP280.c"
 Parameters:    Size  Location     Type
  reg_addr        1    wreg     unsigned char 
 Auto vars:     Size  Location     Type
  reg_addr        1    2[BANK0 ] unsigned char 
  ret             1    3[BANK0 ] unsigned char 
 Return value:  Size  Location     Type
                  1    wreg      unsigned char 
 Registers used:
		wreg, status,2, status,0, pclath, cstack
 Tracked objects:
		On entry : 
		On exit  : 
		Unchanged: 
 Data sizes:     COMMON   BANK0   BANK1   BANK3   BANK2
      Params:         0       0       0       0       0
      Locals:         0       2       0       0       0
      Temps:          0       2       0       0       0
      Totals:         0       4       0       0       0
Total ram usage:        4 bytes
 Hardware stack levels used:    1
 Hardware stack levels required when called:    4
 This function calls:
		_I2C_Master_Read
		_I2C_Master_Start
		_I2C_Master_Stop
		_I2C_Master_Write
 This function is called by:
		_BMP280_begin
		_BMP280_ForcedMeasurement
 This function uses a non-reentrant model


 *************** function _BMP280_Read16 *****************
 Defined at:
		line 122 in file "BMP280.c"
 Parameters:    Size  Location     Type
  reg_addr        1    wreg     unsigned char 
 Auto vars:     Size  Location     Type
  reg_addr        1    4[BANK0 ] unsigned char 
  ret             2    5[BANK0 ] struct .
 Return value:  Size  Location     Type
                  2    0[BANK0 ] unsigned int 
 Registers used:
		wreg, status,2, status,0, pclath, cstack
 Tracked objects:
		On entry : 
		On exit  : 
		Unchanged: 
 Data sizes:     COMMON   BANK0   BANK1   BANK3   BANK2
      Params:         0       2       0       0       0
      Locals:         0       3       0       0       0
      Temps:          0       2       0       0       0
      Totals:         0       7       0       0       0
Total ram usage:        7 bytes
 Hardware stack levels used:    1
 Hardware stack levels required when called:    4
 This function calls:
		_I2C_Master_Read
		_I2C_Master_Start
		_I2C_Master_Stop
		_I2C_Master_Write
 This function is called by:
		_BMP280_begin
 This function uses a non-reentrant model


 *************** function _I2C_Master_Read *****************
 Defined at:
		line 75 in file "I2C.c"
 Parameters:    Size  Location     Type
  a               2    3[COMMON] unsigned short 
 Auto vars:     Size  Location     Type
  temp1           2    7[COMMON] unsigned short 
 Return value:  Size  Location     Type
                  2    3[COMMON] unsigned short 
 Registers used:
		wreg, status,2, status,0, pclath, cstack
 Tracked objects:
		On entry : 
		On exit  : 
		Unchanged: 
 Data sizes:     COMMON   BANK0   BANK1   BANK3   BANK2
      Params:         2       0       0       0       0
      Locals:         2       0       0       0       0
      Temps:          2       0       0       0       0
      Totals:         6       0       0       0       0
Total ram usage:        6 bytes
 Hardware stack levels used:    1
 Hardware stack levels required when called:    3
 This function calls:
		_I2C_Master_Wait
 This function is called by:
		_BMP280_Read8
		_BMP280_Read16
		_BMP280_Update
 This function uses a non-reentrant model


 *************** function _BMP280_Configure *****************
 Defined at:
		line 143 in file "BMP280.c"
 Parameters:    Size  Location     Type
  mode            1    wreg     enum E1307
  T_sampling      1    0[BANK0 ] enum E1312
  P_sampling      1    1[BANK0 ] enum E1312
  filter          1    2[BANK0 ] enum E1320
  standby         1    3[BANK0 ] enum E1327
 Auto vars:     Size  Location     Type
  mode            1    7[BANK0 ] enum E1307
  _config         1    9[BANK0 ] unsigned char 
  _ctrl_meas      1    8[BANK0 ] unsigned char 
 Return value:  Size  Location     Type
                  1    wreg      void 
 Registers used:
		wreg, status,2, status,0, pclath, cstack
 Tracked objects:
		On entry : 
		On exit  : 
		Unchanged: 
 Data sizes:     COMMON   BANK0   BANK1   BANK3   BANK2
      Params:         0       4       0       0       0
      Locals:         0       3       0       0       0
      Temps:          0       3       0       0       0
      Totals:         0      10       0       0       0
Total ram usage:       10 bytes
 Hardware stack levels used:    1
 Hardware stack levels required when called:    5
 This function calls:
		_BMP280_Write
 This function is called by:
		_BMP280_begin
 This function uses a non-reentrant model


 *************** function _BMP280_Write *****************
 Defined at:
		line 96 in file "BMP280.c"
 Parameters:    Size  Location     Type
  reg_addr        1    wreg     unsigned char 
  _data           1    5[COMMON] unsigned char 
 Auto vars:     Size  Location     Type
  reg_addr        1    8[COMMON] unsigned char 
 Return value:  Size  Location     Type
                  1    wreg      void 
 Registers used:
		wreg, status,2, status,0, pclath, cstack
 Tracked objects:
		On entry : 
		On exit  : 
		Unchanged: 
 Data sizes:     COMMON   BANK0   BANK1   BANK3   BANK2
      Params:         1       0       0       0       0
      Locals:         1       0       0       0       0
      Temps:          2       0       0       0       0
      Totals:         4       0       0       0       0
Total ram usage:        4 bytes
 Hardware stack levels used:    1
 Hardware stack levels required when called:    4
 This function calls:
		_I2C_Master_Start
		_I2C_Master_Stop
		_I2C_Master_Write
 This function is called by:
		_BMP280_Configure
		_BMP280_begin
		_BMP280_ForcedMeasurement
 This function uses a non-reentrant model


 *************** function _I2C_Master_Write *****************
 Defined at:
		line 66 in file "I2C.c"
 Parameters:    Size  Location     Type
  d               2    3[COMMON] unsigned int 
 Auto vars:     Size  Location     Type
		None
 Return value:  Size  Location     Type
                  1    wreg      void 
 Registers used:
		wreg, status,2, status,0, pclath, cstack
 Tracked objects:
		On entry : 
		On exit  : 
		Unchanged: 
 Data sizes:     COMMON   BANK0   BANK1   BANK3   BANK2
      Params:         2       0       0       0       0
      Locals:         0       0       0       0       0
      Temps:          0       0       0       0       0
      Totals:         2       0       0       0       0
Total ram usage:        2 bytes
 Hardware stack levels used:    1
 Hardware stack levels required when called:    3
 This function calls:
		_I2C_Master_Wait
 This function is called by:
		_BMP280_Write
		_BMP280_Read8
		_BMP280_Read16
		_BMP280_Update
 This function uses a non-reentrant model


 *************** function _I2C_Master_Stop *****************
 Defined at:
		line 56 in file "I2C.c"
 Parameters:    Size  Location     Type
		None
 Auto vars:     Size  Location     Type
		None
 Return value:  Size  Location     Type
                  1    wreg      void 
 Registers used:
		wreg, status,2, status,0, pclath, cstack
 Tracked objects:
		On entry : 
		On exit  : 
		Unchanged: 
 Data sizes:     COMMON   BANK0   BANK1   BANK3   BANK2
      Params:         0       0       0       0       0
      Locals:         0       0       0       0       0
      Temps:          0       0       0       0       0
      Totals:         0       0       0       0       0
Total ram usage:        0 bytes
 Hardware stack levels used:    1
 Hardware stack levels required when called:    3
 This function calls:
		_I2C_Master_Wait
 This function is called by:
		_BMP280_Write
		_BMP280_Read8
		_BMP280_Read16
		_BMP280_Update
 This function uses a non-reentrant model


 *************** function _I2C_Master_Start *****************
 Defined at:
		line 40 in file "I2C.c"
 Parameters:    Size  Location     Type
		None
 Auto vars:     Size  Location     Type
		None
 Return value:  Size  Location     Type
                  1    wreg      void 
 Registers used:
		wreg, status,2, status,0, pclath, cstack
 Tracked objects:
		On entry : 
		On exit  : 
		Unchanged: 
 Data sizes:     COMMON   BANK0   BANK1   BANK3   BANK2
      Params:         0       0       0       0       0
      Locals:         0       0       0       0       0
      Temps:          0       0       0       0       0
      Totals:         0       0       0       0       0
Total ram usage:        0 bytes
 Hardware stack levels used:    1
 Hardware stack levels required when called:    3
 This function calls:
		_I2C_Master_Wait
 This function is called by:
		_BMP280_Write
		_BMP280_Read8
		_BMP280_Read16
		_BMP280_Update
 This function uses a non-reentrant model


 *************** function _I2C_Master_Wait *****************
 Defined at:
		line 33 in file "I2C.c"
 Parameters:    Size  Location     Type
		None
 Auto vars:     Size  Location     Type
		None
 Return value:  Size  Location     Type
                  1    wreg      void 
 Registers used:
		wreg, status,2
 Tracked objects:
		On entry : 
		On exit  : 
		Unchanged: 
 Data sizes:     COMMON   BANK0   BANK1   BANK3   BANK2
      Params:         0       0       0       0       0
      Locals:         0       0       0       0       0
      Temps:          0       0       0       0       0
      Totals:         0       0       0       0       0
Total ram usage:        0 bytes
 Hardware stack levels used:    1
 Hardware stack levels required when called:    2
 This function calls:
		Nothing
 This function is called by:
		_I2C_Master_Start
		_I2C_Master_Stop
		_I2C_Master_Write
		_I2C_Master_Read
		_I2C_Master_RepeatedStart
 This function uses a non-reentrant model


 *************** function _isr *****************
 Defined at:
		line 201 in file "mainm2.c"
 Parameters:    Size  Location     Type
		None
 Auto vars:     Size  Location     Type
		None
 Return value:  Size  Location     Type
                  1    wreg      void 
 Registers used:
		wreg, pclath, cstack
 Tracked objects:
		On entry : 
		On exit  : 
		Unchanged: 
 Data sizes:     COMMON   BANK0   BANK1   BANK3   BANK2
      Params:         0       0       0       0       0
      Locals:         0       0       0       0       0
      Temps:          3       0       0       0       0
      Totals:         3       0       0       0       0
Total ram usage:        3 bytes
 Hardware stack levels used:    1
 Hardware stack levels required when called:    1
 This function calls:
		_Receive_Data
 This function is called by:
		Interrupt level 1
 This function uses a non-reentrant model


 *************** function _Receive_Data *****************
 Defined at:
		line 28 in file "UART.c"
 Parameters:    Size  Location     Type
		None
 Auto vars:     Size  Location     Type
		None
 Return value:  Size  Location     Type
                  1    wreg      unsigned char 
 Registers used:
		wreg
 Tracked objects:
		On entry : 
		On exit  : 
		Unchanged: 
 Data sizes:     COMMON   BANK0   BANK1   BANK3   BANK2
      Params:         0       0       0       0       0
      Locals:         0       0       0       0       0
      Temps:          0       0       0       0       0
      Totals:         0       0       0       0       0
Total ram usage:        0 bytes
 Hardware stack levels used:    1
 This function calls:
		Nothing
 This function is called by:
		_isr
 This function uses a non-reentrant model



MODULE INFORMATION

Module		Function		Class		Link	Load	Size
mainm2.c
		_Send_Temp     		CODE           	0ED5	0000	299
		_main          		CODE           	0BAB	0000	138
		_isr           		CODE           	0950	0000	24
		_setup         		CODE           	0968	0000	28

mainm2.c estimated size: 489

C:\Program Files\Microchip\xc8\v2.31\pic\sources\c90\common\__lldiv.c
		___lldiv       		CODE           	0B43	0000	104

C:\Program Files\Microchip\xc8\v2.31\pic\sources\c90\common\__lldiv.c estimated size: 104

UART.c
		_Send_String   		CODE           	0984	0000	31
		_Receive_Data  		CODE           	0925	0000	10
		_Send_Data     		CODE           	0939	0000	10

UART.c estimated size: 51

C:\Program Files\Microchip\xc8\v2.31\pic\sources\c90\common\Umul16.c
		___wmul        		CODE           	09A3	0000	37

C:\Program Files\Microchip\xc8\v2.31\pic\sources\c90\common\Umul16.c estimated size: 37

I2C.c
		_I2C_Master_Read		CODE           	09F5	0000	46
		_I2C_Master_Wait		CODE           	0943	0000	13
		_I2C_Master_Init		CODE           	0A23	0000	58
		_I2C_Master_Stop		CODE           	091C	0000	9
		_I2C_Master_Write		CODE           	092F	0000	10
		_I2C_Master_Start		CODE           	0913	0000	9

I2C.c estimated size: 145

C:\Program Files\Microchip\xc8\v2.31\pic\sources\c90\common\Umul32.c
		___lmul        		CODE           	0AA5	0000	72

C:\Program Files\Microchip\xc8\v2.31\pic\sources\c90\common\Umul32.c estimated size: 72

shared
		__stringtab    		STRING         	0800	0000	6
		__initialization		CODE           	07EB	0000	17

shared estimated size: 23

C:\Program Files\Microchip\xc8\v2.31\pic\sources\c90\common\aldiv.c
		___aldiv       		CODE           	0C35	0000	157

C:\Program Files\Microchip\xc8\v2.31\pic\sources\c90\common\aldiv.c estimated size: 157

BMP280.c
		_BMP280_readTemperature		CODE           	0053	0000	610
		_BMP280_Read8  		CODE           	000F	0000	68
		_BMP280_Write  		CODE           	09C8	0000	45
		_BMP280_begin  		CODE           	0DB1	0000	292
		_BMP280_Read16 		CODE           	0AED	0000	86
		_BMP280_Update 		CODE           	0CD2	0000	223
		_BMP280_Configure		CODE           	0A5D	0000	72
		_BMP280_readPressure		CODE           	02B5	0000	1334

BMP280.c estimated size: 2730

