Microchip MPLAB XC8 Compiler V2.31

Linker command line:

-W-3 --edf=C:\Program Files\Microchip\xc8\v2.31\pic\dat\en_msgs.txt -cn \
  -h+dist/default/debug\Mini2.X.debug.sym \
  --cmf=dist/default/debug\Mini2.X.debug.cmf -z -Q16F887 \
  -oC:\Users\camil\AppData\Local\Temp\seeg.2 --defsym=__MPLAB_BUILD=1 \
  -Mdist/default/debug/Mini2.X.debug.map -E1 -ver=XC8 Compiler --acfsm=1493 \
  -ASTACK=0110h-016Fh -pstack=STACK \
  -ACODE=00h-07FFhx3,01800h-01EFFh,01FFFh-01FFFh \
  -ASTRCODE=00h-01EFFh,01FFFh-01FFFh -ASTRING=00h-0FFhx31,01FFFh-01FFFh \
  -ACONST=00h-0FFhx31,01FFFh-01FFFh -AENTRY=00h-0FFhx31,01FFFh-01FFFh \
  -ACOMMON=071h-07Fh -ABANK0=020h-06Fh -ABANK1=0A0h-0EFh \
  -ABANK2=0110h-016Fh -ABANK3=0190h-01E4h \
  -ARAM=020h-06Fh,0A0h-0EFh,0110h-016Fh,0190h-01E4h \
  -AABS1=020h-07Fh,0A0h-0EFh,0110h-016Fh,0190h-01EFh -ASFR0=00h-01Fh \
  -ASFR1=080h-09Fh -ASFR2=0100h-010Fh -ASFR3=0180h-018Fh \
  -ACONFIG=02007h-02008h -DCONFIG=2 -AIDLOC=02000h-02003h -DIDLOC=2 \
  -AEEDATA=00h-0FFh/02100h -peeprom_data=EEDATA -DEEDATA=2 -DCODE=2 \
  -DSTRCODE=2 -DSTRING=2 -DCONST=2 -DENTRY=2 \
  -preset_vec=00h,intentry,init,end_init -ppowerup=CODE -pcinit=CODE \
  -pfunctab=ENTRY -k C:\Users\camil\AppData\Local\Temp\seeg.o \
  dist/default/debug\Mini2.X.debug.o 

Object code version is 3.11

Machine type is 16F887



                Name                               Link     Load   Length Selector   Space Scale
C:\Users\camil\AppData\Local\Temp\seeg.o
                end_init                              1        1        3        0       0
                reset_vec                             0        0        1        0       0
                config                             2007     2007        2        0       4
dist/default/debug\Mini2.X.debug.o
                cinit                               7EB      7EB       15      FD6       0
                config                             2007     2007        2        0       4
                text18                                9        9        D       12       0
                text17                              BD8      BD8        9     17B0       0
                text16                              BE1      BE1        9     17C2       0
                text15                              BEA      BEA        A     17D4       0
                text14                              C14      C14       2D     1828       0
                text13                              D19      D19       48     1A32       0
                text12                              C41      C41       2E     1882       0
                text11                              DA9      DA9       4C     1B52       0
                text10                              CDD      CDD       3C     19BA       0
                text9                               F22      F22       DE     1E44       0
                text8                                16       16       9D       2C       0
                text7                               DF5      DF5       68     1BEA       0
                text6                               D61      D61       48     1AC2       0
                text5                               2C5      2C5      526      58A       0
                text4                               E5D      E5D       C5     1CBA       0
                text3                                B3       B3      212      166       0
                text2                               CA5      CA5       38     194A       0
                text1                               BF4      BF4       20     17E8       0
                maintext                            C6F      C6F       36     18DE       0
                cstackBANK0                          20       20       42       20       1
                cstackCOMMON                         71       71        D       71       1
                clrtext                             BD0      BD0        8     17A0       0
                bssBANK1                             A0       A0       20       A0       1
                bssBANK0                             62       62        C       20       1

TOTAL           Name                               Link     Load   Length     Space
        CLASS   STACK          

        CLASS   CODE           
                end_init                              1        1        3         0
                cinit                               7EB      7EB       15         0
                reset_vec                             0        0        1         0
                text18                                9        9        D         0
                text17                              BD8      BD8        9         0
                text16                              BE1      BE1        9         0
                text15                              BEA      BEA        A         0
                text14                              C14      C14       2D         0
                text13                              D19      D19       48         0
                text12                              C41      C41       2E         0
                text11                              DA9      DA9       4C         0
                text10                              CDD      CDD       3C         0
                text9                               F22      F22       DE         0
                text8                                16       16       9D         0
                text7                               DF5      DF5       68         0
                text6                               D61      D61       48         0
                text5                               2C5      2C5      526         0
                text4                               E5D      E5D       C5         0
                text3                                B3       B3      212         0
                text2                               CA5      CA5       38         0
                text1                               BF4      BF4       20         0
                maintext                            C6F      C6F       36         0
                clrtext                             BD0      BD0        8         0

        CLASS   STRCODE        

        CLASS   STRING         

        CLASS   CONST          

        CLASS   ENTRY          

        CLASS   COMMON         
                cstackCOMMON                         71       71        D         1

        CLASS   BANK0          
                cstackBANK0                          20       20       42         1
                bssBANK0                             62       62        C         1

        CLASS   BANK1          
                bssBANK1                             A0       A0       20         1

        CLASS   BANK2          

        CLASS   BANK3          

        CLASS   RAM            

        CLASS   ABS1           
                abs_s1                               7E       7E        2         1

        CLASS   SFR0           

        CLASS   SFR1           

        CLASS   SFR2           

        CLASS   SFR3           

        CLASS   CONFIG         
                config                             2007     2007        2         4

        CLASS   IDLOC          

        CLASS   EEDATA         



SEGMENTS        Name                           Load    Length   Top    Selector   Space  Class     Delta

                reset_vec                      000000  000004  000004         0       0  CODE        2
                text18                         000009  00000D  000016        12       0  CODE        2
                cstackBANK0                    000020  00004E  00006E        20       1  BANK0       1
                text8                          000016  00009D  0000B3        2C       0  CODE        2
                cstackCOMMON                   000071  00000D  00007E        71       1  COMMON      1
                bssBANK1                       0000A0  000020  0000C0        A0       1  BANK1       1
                text3                          0000B3  000212  0002C5       166       0  CODE        2
                text5                          0002C5  000526  0007EB       58A       0  CODE        2
                cinit                          0007EB  000015  000800       FD6       0  CODE        2
                clrtext                        000BD0  000008  000BD8      17A0       0  CODE        2
                text17                         000BD8  000009  000BE1      17B0       0  CODE        2
                text16                         000BE1  000009  000BEA      17C2       0  CODE        2
                text15                         000BEA  00000A  000BF4      17D4       0  CODE        2
                text1                          000BF4  000020  000C14      17E8       0  CODE        2
                text14                         000C14  00002D  000C41      1828       0  CODE        2
                text12                         000C41  00002E  000C6F      1882       0  CODE        2
                maintext                       000C6F  000036  000CA5      18DE       0  CODE        2
                text2                          000CA5  000038  000CDD      194A       0  CODE        2
                text10                         000CDD  00003C  000D19      19BA       0  CODE        2
                text13                         000D19  000048  000D61      1A32       0  CODE        2
                text6                          000D61  000048  000DA9      1AC2       0  CODE        2
                text11                         000DA9  00004C  000DF5      1B52       0  CODE        2
                text7                          000DF5  000068  000E5D      1BEA       0  CODE        2
                text4                          000E5D  0000C5  000F22      1CBA       0  CODE        2
                text9                          000F22  0000DE  001000      1E44       0  CODE        2


UNUSED ADDRESS RANGES

        Name                Unused          Largest block    Delta
        BANK0            006E-006F              2           1
        BANK1            00C0-00EF             30           1
        BANK2            0110-016F             60           1
        BANK3            0190-01E4             55           1
        CODE             0004-0008              5           2
                         0800-0BCF            3D0
                         1000-1EFF            800
                         1FFF-1FFF              1
        CONST            0004-0008              5           2
                         0800-0BCF            100
                         1000-1EFF            100
                         1FFF-1FFF              1
        EEDATA           2100-21FF            100           2
        ENTRY            0004-0008              5           2
                         0800-0BCF            100
                         1000-1EFF            100
                         1FFF-1FFF              1
        IDLOC            2000-2003              4           2
        RAM              006E-006F              2           1
                         00C0-00EF             30
                         0110-016F             60
                         0190-01E4             55
        SFR0             0000-001F             20           1
        SFR1             0080-009F             20           1
        SFR2             0100-010F             10           1
        SFR3             0180-018F             10           1
        STACK            0110-016F             60           1
        STRCODE          0004-0008              5           2
                         0800-0BCF            3D0
                         1000-1EFF            F00
                         1FFF-1FFF              1
        STRING           0004-0008              5           2
                         0800-0BCF            100
                         1000-1EFF            100
                         1FFF-1FFF              1

                                  Symbol Table

?_BMP280_Read16                  cstackCOMMON 0077
?_I2C_Master_Read                cstackCOMMON 0071
?___aldiv                        cstackCOMMON 0071
?___lldiv                        cstackCOMMON 0071
?___lmul                         cstackBANK0  0026
BMP280_Configure@P_sampling      cstackCOMMON 0078
BMP280_Configure@T_sampling      cstackCOMMON 0077
BMP280_Configure@_config         cstackBANK0  0022
BMP280_Configure@_ctrl_meas      cstackBANK0  0021
BMP280_Configure@filter          cstackCOMMON 0079
BMP280_Configure@mode            cstackBANK0  0020
BMP280_Configure@standby         cstackCOMMON 007A
BMP280_Read16@reg_addr           cstackCOMMON 007B
BMP280_Read16@ret                cstackCOMMON 007C
BMP280_Read8@reg_addr            cstackCOMMON 0079
BMP280_Read8@ret                 cstackCOMMON 007A
BMP280_Update@ret                cstackBANK0  0020
BMP280_Write@_data               cstackCOMMON 0073
BMP280_Write@reg_addr            cstackCOMMON 0076
BMP280_begin@P_sampling          cstackBANK0  0024
BMP280_begin@T_sampling          cstackBANK0  0023
BMP280_begin@filter              cstackBANK0  0025
BMP280_begin@mode                cstackBANK0  002B
BMP280_begin@standby             cstackBANK0  0026
BMP280_readPressure@p            cstackBANK0  0057
BMP280_readPressure@pres         cstackBANK0  004E
BMP280_readPressure@var1         cstackBANK0  005B
BMP280_readPressure@var2         cstackBANK0  0053
BMP280_readTemperature@temp      cstackBANK0  004E
BMP280_readTemperature@var1      cstackBANK0  0042
BMP280_readTemperature@var2      cstackBANK0  0046
I2C_Master_Init@c                cstackBANK0  0025
I2C_Master_Read@a                cstackCOMMON 0071
I2C_Master_Read@temp             cstackCOMMON 0075
I2C_Master_Write@d               cstackCOMMON 0071
_ANSEL                           (abs)        0188
_ANSELH                          (abs)        0189
_BMP280_Configure                text13       0D19
_BMP280_Read16                   text11       0DA9
_BMP280_Read8                    text10       0CDD
_BMP280_Update                   text4        0E5D
_BMP280_Write                    text14       0C14
_BMP280_begin                    text9        0F22
_BMP280_calib                    bssBANK1     00A4
_BMP280_readPressure             text5        02C5
_BMP280_readPressure$942         cstackBANK0  004F
_BMP280_readPressure$943         cstackBANK0  0042
_BMP280_readPressure$944         cstackBANK0  0046
_BMP280_readPressure$945         cstackBANK0  004A
_BMP280_readTemperature          text3        00B3
_BMP280_readTemperature$940      cstackBANK0  004F
_BMP280_readTemperature$941      cstackBANK0  004A
_GIE                             (abs)        005F
_I2C_Master_Init                 text2        0CA5
_I2C_Master_Read                 text12       0C41
_I2C_Master_Start                text17       0BD8
_I2C_Master_Stop                 text16       0BE1
_I2C_Master_Wait                 text18       0009
_I2C_Master_Write                text15       0BEA
_PEIE                            (abs)        005E
_PORTA                           (abs)        0005
_PORTB                           (abs)        0006
_PORTD                           (abs)        0008
_SSPADD                          (abs)        0093
_SSPBUF                          (abs)        0013
_SSPCON                          (abs)        0014
_SSPCON2                         (abs)        0091
_SSPCON2bits                     (abs)        0091
_SSPIE                           (abs)        0463
_SSPIF                           (abs)        0063
_SSPSTAT                         (abs)        0094
_TRISA                           (abs)        0085
_TRISB                           (abs)        0086
_TRISC3                          (abs)        043B
_TRISC4                          (abs)        043C
_TRISCbits                       (abs)        0087
_TRISD                           (abs)        0088
__Habs1                          abs1         0000
__Hbank0                         bank0        0000
__Hbank1                         bank1        0000
__Hbank2                         bank2        0000
__Hbank3                         bank3        0000
__HbssBANK0                      bssBANK0     0000
__HbssBANK1                      bssBANK1     0000
__Hcinit                         cinit        0800
__Hclrtext                       clrtext      0000
__Hcode                          code         0000
__Hcommon                        common       0000
__Hconfig                        config       2009
__HcstackBANK0                   cstackBANK0  0000
__HcstackCOMMON                  cstackCOMMON 0000
__Heeprom_data                   eeprom_data  0000
__Hend_init                      end_init     0004
__Hfunctab                       functab      0000
__Hinit                          init         0001
__Hintentry                      intentry     0001
__Hmaintext                      maintext     0000
__Hpowerup                       powerup      0000
__Hram                           ram          0000
__Hreset_vec                     reset_vec    0001
__Hsfr0                          sfr0         0000
__Hsfr1                          sfr1         0000
__Hsfr2                          sfr2         0000
__Hsfr3                          sfr3         0000
__Hspace_0                       (abs)        1000
__Hspace_1                       (abs)        00C0
__Hspace_2                       (abs)        0000
__Hspace_3                       (abs)        0000
__Hspace_4                       (abs)        4010
__Hstack                         stack        0000
__Hstrings                       strings      0000
__Htext                          text         0000
__Labs1                          abs1         0000
__Lbank0                         bank0        0000
__Lbank1                         bank1        0000
__Lbank2                         bank2        0000
__Lbank3                         bank3        0000
__LbssBANK0                      bssBANK0     0000
__LbssBANK1                      bssBANK1     0000
__Lcinit                         cinit        07EB
__Lclrtext                       clrtext      0000
__Lcode                          code         0000
__Lcommon                        common       0000
__Lconfig                        config       0000
__LcstackBANK0                   cstackBANK0  0000
__LcstackCOMMON                  cstackCOMMON 0000
__Leeprom_data                   eeprom_data  0000
__Lend_init                      end_init     0001
__Lfunctab                       functab      0000
__Linit                          init         0001
__Lintentry                      intentry     0001
__Lmaintext                      maintext     0000
__Lpowerup                       powerup      0000
__Lram                           ram          0000
__Lreset_vec                     reset_vec    0000
__Lsfr0                          sfr0         0000
__Lsfr1                          sfr1         0000
__Lsfr2                          sfr2         0000
__Lsfr3                          sfr3         0000
__Lspace_0                       (abs)        0000
__Lspace_1                       (abs)        0000
__Lspace_2                       (abs)        0000
__Lspace_3                       (abs)        0000
__Lspace_4                       (abs)        0000
__Lstack                         stack        0000
__Lstrings                       strings      0000
__Ltext                          text         0000
__S0                             (abs)        1000
__S1                             (abs)        00C0
__S2                             (abs)        0000
__S3                             (abs)        0000
___aldiv                         text8        0016
___aldiv@counter                 cstackBANK0  0020
___aldiv@dividend                cstackCOMMON 0075
___aldiv@divisor                 cstackCOMMON 0071
___aldiv@quotient                cstackBANK0  0022
___aldiv@sign                    cstackBANK0  0021
___int_sp                        stack        0000
___latbits                       (abs)        0002
___lldiv                         text7        0DF5
___lldiv@counter                 cstackBANK0  0024
___lldiv@dividend                cstackCOMMON 0075
___lldiv@divisor                 cstackCOMMON 0071
___lldiv@quotient                cstackBANK0  0020
___lmul                          text6        0D61
___lmul@multiplicand             cstackBANK0  002A
___lmul@multiplier               cstackBANK0  0026
___lmul@product                  cstackBANK0  002E
___sp                            stack        0000
___stackhi                       (abs)        0000
___stacklo                       (abs)        0000
__end_of_BMP280_Configure        text13       0D61
__end_of_BMP280_Read16           text11       0DF5
__end_of_BMP280_Read8            text10       0D19
__end_of_BMP280_Update           text4        0F22
__end_of_BMP280_Write            text14       0C41
__end_of_BMP280_begin            text9        1000
__end_of_BMP280_readPressure     text5        07EB
__end_of_BMP280_readTemperature  text3        02C5
__end_of_I2C_Master_Init         text2        0CDD
__end_of_I2C_Master_Read         text12       0C6F
__end_of_I2C_Master_Start        text17       0BE1
__end_of_I2C_Master_Stop         text16       0BEA
__end_of_I2C_Master_Wait         text18       0016
__end_of_I2C_Master_Write        text15       0BF4
__end_of___aldiv                 text8        00B3
__end_of___lldiv                 text7        0E5D
__end_of___lmul                  text6        0DA9
__end_of__initialization         cinit        07FC
__end_of_main                    maintext     0CA5
__end_of_setup                   text1        0C14
__initialization                 cinit        07EB
__pbssBANK0                      bssBANK0     0062
__pbssBANK1                      bssBANK1     00A0
__pcstackBANK0                   cstackBANK0  0020
__pcstackCOMMON                  cstackCOMMON 0071
__pmaintext                      maintext     0C6F
__ptext1                         text1        0BF4
__ptext10                        text10       0CDD
__ptext11                        text11       0DA9
__ptext12                        text12       0C41
__ptext13                        text13       0D19
__ptext14                        text14       0C14
__ptext15                        text15       0BEA
__ptext16                        text16       0BE1
__ptext17                        text17       0BD8
__ptext18                        text18       0009
__ptext2                         text2        0CA5
__ptext3                         text3        00B3
__ptext4                         text4        0E5D
__ptext5                         text5        02C5
__ptext6                         text6        0D61
__ptext7                         text7        0DF5
__ptext8                         text8        0016
__ptext9                         text9        0F22
__size_of_BMP280_Configure       (abs)        0000
__size_of_BMP280_Read16          (abs)        0000
__size_of_BMP280_Read8           (abs)        0000
__size_of_BMP280_Update          (abs)        0000
__size_of_BMP280_Write           (abs)        0000
__size_of_BMP280_begin           (abs)        0000
__size_of_BMP280_readPressure    (abs)        0000
__size_of_BMP280_readTemperature (abs)        0000
__size_of_I2C_Master_Init        (abs)        0000
__size_of_I2C_Master_Read        (abs)        0000
__size_of_I2C_Master_Start       (abs)        0000
__size_of_I2C_Master_Stop        (abs)        0000
__size_of_I2C_Master_Wait        (abs)        0000
__size_of_I2C_Master_Write       (abs)        0000
__size_of___aldiv                (abs)        0000
__size_of___lldiv                (abs)        0000
__size_of___lmul                 (abs)        0000
__size_of_main                   (abs)        0000
__size_of_setup                  (abs)        0000
_adc_P                           bssBANK1     00A0
_adc_T                           bssBANK0     0066
_main                            maintext     0C6F
_pressure                        bssBANK1     00BC
_setup                           text1        0BF4
_t_fine                          bssBANK0     0062
_temperature                     bssBANK0     006A
btemp                            (abs)        007E
clear_ram0                       clrtext      0BD0
end_of_initialization            cinit        07FC
intlevel0                        functab      0000
intlevel1                        functab      0000
intlevel2                        functab      0000
intlevel3                        functab      0000
intlevel4                        functab      0000
intlevel5                        functab      0000
reset_vec                        reset_vec    0000
start                            init         0001
start_initialization             cinit        07EB
wtemp0                           (abs)        007E


FUNCTION INFORMATION:

 *************** function _main *****************
 Defined at:
		line 57 in file "mainm2.c"
 Parameters:    Size  Location     Type
		None
 Auto vars:     Size  Location     Type
		None
 Return value:  Size  Location     Type
                  1    wreg      void 
 Registers used:
		wreg, fsr0l, fsr0h, status,2, status,0, pclath, cstack
 Tracked objects:
		On entry : 
		On exit  : 
		Unchanged: 
 Data sizes:     COMMON   BANK0   BANK1   BANK3   BANK2
      Params:         0       0       0       0       0
      Locals:         0       0       0       0       0
      Temps:          0       3       0       0       0
      Totals:         0       3       0       0       0
Total ram usage:        3 bytes
 Hardware stack levels required when called:    5
 This function calls:
		_BMP280_begin
		_BMP280_readPressure
		_BMP280_readTemperature
		_setup
 This function is called by:
		Startup code after reset
 This function uses a non-reentrant model


 *************** function _setup *****************
 Defined at:
		line 73 in file "mainm2.c"
 Parameters:    Size  Location     Type
		None
 Auto vars:     Size  Location     Type
		None
 Return value:  Size  Location     Type
                  1    wreg      void 
 Registers used:
		wreg, status,2, status,0, pclath, cstack
 Tracked objects:
		On entry : 
		On exit  : 
		Unchanged: 
 Data sizes:     COMMON   BANK0   BANK1   BANK3   BANK2
      Params:         0       0       0       0       0
      Locals:         0       0       0       0       0
      Temps:          0       0       0       0       0
      Totals:         0       0       0       0       0
Total ram usage:        0 bytes
 Hardware stack levels used:    1
 Hardware stack levels required when called:    2
 This function calls:
		_I2C_Master_Init
 This function is called by:
		_main
 This function uses a non-reentrant model


 *************** function _I2C_Master_Init *****************
 Defined at:
		line 16 in file "I2C.c"
 Parameters:    Size  Location     Type
  c               4    5[BANK0 ] const unsigned long 
 Auto vars:     Size  Location     Type
		None
 Return value:  Size  Location     Type
                  1    wreg      void 
 Registers used:
		wreg, status,2, status,0, pclath, cstack
 Tracked objects:
		On entry : 
		On exit  : 
		Unchanged: 
 Data sizes:     COMMON   BANK0   BANK1   BANK3   BANK2
      Params:         0       4       0       0       0
      Locals:         0       0       0       0       0
      Temps:          4       0       0       0       0
      Totals:         4       4       0       0       0
Total ram usage:        8 bytes
 Hardware stack levels used:    1
 Hardware stack levels required when called:    1
 This function calls:
		___lldiv
 This function is called by:
		_setup
 This function uses a non-reentrant model


 *************** function _BMP280_readTemperature *****************
 Defined at:
		line 242 in file "BMP280.c"
 Parameters:    Size  Location     Type
  temp            1    wreg     PTR long 
		 -> temperature(4), 
 Auto vars:     Size  Location     Type
  temp            1   46[BANK0 ] PTR long 
		 -> temperature(4), 
  var2            4   38[BANK0 ] long 
  var1            4   34[BANK0 ] long 
 Return value:  Size  Location     Type
                  2   10[None  ] int 
 Registers used:
		wreg, fsr0l, fsr0h, status,2, status,0, pclath, cstack
 Tracked objects:
		On entry : 
		On exit  : 
		Unchanged: 
 Data sizes:     COMMON   BANK0   BANK1   BANK3   BANK2
      Params:         0       0       0       0       0
      Locals:         0      17       0       0       0
      Temps:          0      16       0       0       0
      Totals:         0      33       0       0       0
Total ram usage:       33 bytes
 Hardware stack levels used:    1
 Hardware stack levels required when called:    3
 This function calls:
		_BMP280_Update
		___aldiv
		___lmul
 This function is called by:
		_main
 This function uses a non-reentrant model


 *************** function _BMP280_Update *****************
 Defined at:
		line 211 in file "BMP280.c"
 Parameters:    Size  Location     Type
		None
 Auto vars:     Size  Location     Type
  ret             4    0[BANK0 ] struct .
 Return value:  Size  Location     Type
                  1    wreg      void 
 Registers used:
		wreg, status,2, status,0, pclath, cstack
 Tracked objects:
		On entry : 
		On exit  : 
		Unchanged: 
 Data sizes:     COMMON   BANK0   BANK1   BANK3   BANK2
      Params:         0       0       0       0       0
      Locals:         0       4       0       0       0
      Temps:          4       0       0       0       0
      Totals:         4       4       0       0       0
Total ram usage:        8 bytes
 Hardware stack levels used:    1
 Hardware stack levels required when called:    2
 This function calls:
		_I2C_Master_Read
		_I2C_Master_Start
		_I2C_Master_Stop
		_I2C_Master_Write
 This function is called by:
		_BMP280_readTemperature
 This function uses a non-reentrant model


 *************** function _BMP280_readPressure *****************
 Defined at:
		line 266 in file "BMP280.c"
 Parameters:    Size  Location     Type
  pres            1    wreg     PTR unsigned long 
		 -> pressure(4), 
 Auto vars:     Size  Location     Type
  pres            1   46[BANK0 ] PTR unsigned long 
		 -> pressure(4), 
  var1            4   59[BANK0 ] long 
  p               4   55[BANK0 ] unsigned long 
  var2            4   51[BANK0 ] long 
 Return value:  Size  Location     Type
                  2   12[None  ] int 
 Registers used:
		wreg, fsr0l, fsr0h, status,2, status,0, pclath, cstack
 Tracked objects:
		On entry : 
		On exit  : 
		Unchanged: 
 Data sizes:     COMMON   BANK0   BANK1   BANK3   BANK2
      Params:         0       0       0       0       0
      Locals:         0      29       0       0       0
      Temps:          0      16       0       0       0
      Totals:         0      45       0       0       0
Total ram usage:       45 bytes
 Hardware stack levels used:    1
 Hardware stack levels required when called:    1
 This function calls:
		___aldiv
		___lldiv
		___lmul
 This function is called by:
		_main
 This function uses a non-reentrant model


 *************** function ___lmul *****************
 Defined at:
		line 15 in file "C:\Program Files\Microchip\xc8\v2.31\pic\sources\c90\common\Umul32.c"
 Parameters:    Size  Location     Type
  multiplier      4    6[BANK0 ] unsigned long 
  multiplicand    4   10[BANK0 ] unsigned long 
 Auto vars:     Size  Location     Type
  product         4   14[BANK0 ] unsigned long 
 Return value:  Size  Location     Type
                  4    6[BANK0 ] unsigned long 
 Registers used:
		wreg, status,2, status,0
 Tracked objects:
		On entry : 
		On exit  : 
		Unchanged: 
 Data sizes:     COMMON   BANK0   BANK1   BANK3   BANK2
      Params:         0       8       0       0       0
      Locals:         0       4       0       0       0
      Temps:          1       0       0       0       0
      Totals:         1      12       0       0       0
Total ram usage:       13 bytes
 Hardware stack levels used:    1
 This function calls:
		Nothing
 This function is called by:
		_BMP280_readTemperature
		_BMP280_readPressure
 This function uses a non-reentrant model


 *************** function ___lldiv *****************
 Defined at:
		line 5 in file "C:\Program Files\Microchip\xc8\v2.31\pic\sources\c90\common\__lldiv.c"
 Parameters:    Size  Location     Type
  divisor         4    0[COMMON] unsigned long 
  dividend        4    4[COMMON] unsigned long 
 Auto vars:     Size  Location     Type
  quotient        4    0[BANK0 ] unsigned long 
  counter         1    4[BANK0 ] unsigned char 
 Return value:  Size  Location     Type
                  4    0[COMMON] unsigned long 
 Registers used:
		wreg, status,2, status,0
 Tracked objects:
		On entry : 
		On exit  : 
		Unchanged: 
 Data sizes:     COMMON   BANK0   BANK1   BANK3   BANK2
      Params:         8       0       0       0       0
      Locals:         0       5       0       0       0
      Temps:          1       0       0       0       0
      Totals:         9       5       0       0       0
Total ram usage:       14 bytes
 Hardware stack levels used:    1
 This function calls:
		Nothing
 This function is called by:
		_I2C_Master_Init
		_BMP280_readPressure
 This function uses a non-reentrant model


 *************** function ___aldiv *****************
 Defined at:
		line 5 in file "C:\Program Files\Microchip\xc8\v2.31\pic\sources\c90\common\aldiv.c"
 Parameters:    Size  Location     Type
  divisor         4    0[COMMON] long 
  dividend        4    4[COMMON] long 
 Auto vars:     Size  Location     Type
  quotient        4    2[BANK0 ] long 
  sign            1    1[BANK0 ] unsigned char 
  counter         1    0[BANK0 ] unsigned char 
 Return value:  Size  Location     Type
                  4    0[COMMON] long 
 Registers used:
		wreg, status,2, status,0
 Tracked objects:
		On entry : 
		On exit  : 
		Unchanged: 
 Data sizes:     COMMON   BANK0   BANK1   BANK3   BANK2
      Params:         8       0       0       0       0
      Locals:         0       6       0       0       0
      Temps:          1       0       0       0       0
      Totals:         9       6       0       0       0
Total ram usage:       15 bytes
 Hardware stack levels used:    1
 This function calls:
		Nothing
 This function is called by:
		_BMP280_readTemperature
		_BMP280_readPressure
 This function uses a non-reentrant model


 *************** function _BMP280_begin *****************
 Defined at:
		line 156 in file "BMP280.c"
 Parameters:    Size  Location     Type
  mode            1    wreg     enum E1304
  T_sampling      1    3[BANK0 ] enum E1309
  P_sampling      1    4[BANK0 ] enum E1309
  filter          1    5[BANK0 ] enum E1317
  standby         1    6[BANK0 ] enum E1324
 Auto vars:     Size  Location     Type
  mode            1   11[BANK0 ] enum E1304
 Return value:  Size  Location     Type
                  2    3[BANK0 ] int 
 Registers used:
		wreg, status,2, status,0, pclath, cstack
 Tracked objects:
		On entry : 
		On exit  : 
		Unchanged: 
 Data sizes:     COMMON   BANK0   BANK1   BANK3   BANK2
      Params:         0       4       0       0       0
      Locals:         0       1       0       0       0
      Temps:          0       4       0       0       0
      Totals:         0       9       0       0       0
Total ram usage:        9 bytes
 Hardware stack levels used:    1
 Hardware stack levels required when called:    4
 This function calls:
		_BMP280_Configure
		_BMP280_Read16
		_BMP280_Read8
		_BMP280_Write
 This function is called by:
		_main
 This function uses a non-reentrant model


 *************** function _BMP280_Read8 *****************
 Defined at:
		line 106 in file "BMP280.c"
 Parameters:    Size  Location     Type
  reg_addr        1    wreg     unsigned char 
 Auto vars:     Size  Location     Type
  reg_addr        1    8[COMMON] unsigned char 
  ret             1    9[COMMON] unsigned char 
 Return value:  Size  Location     Type
                  1    wreg      unsigned char 
 Registers used:
		wreg, status,2, status,0, pclath, cstack
 Tracked objects:
		On entry : 
		On exit  : 
		Unchanged: 
 Data sizes:     COMMON   BANK0   BANK1   BANK3   BANK2
      Params:         0       0       0       0       0
      Locals:         2       0       0       0       0
      Temps:          2       0       0       0       0
      Totals:         4       0       0       0       0
Total ram usage:        4 bytes
 Hardware stack levels used:    1
 Hardware stack levels required when called:    2
 This function calls:
		_I2C_Master_Read
		_I2C_Master_Start
		_I2C_Master_Stop
		_I2C_Master_Write
 This function is called by:
		_BMP280_begin
		_BMP280_ForcedMeasurement
 This function uses a non-reentrant model


 *************** function _BMP280_Read16 *****************
 Defined at:
		line 122 in file "BMP280.c"
 Parameters:    Size  Location     Type
  reg_addr        1    wreg     unsigned char 
 Auto vars:     Size  Location     Type
  reg_addr        1   10[COMMON] unsigned char 
  ret             2   11[COMMON] struct .
 Return value:  Size  Location     Type
                  2    6[COMMON] unsigned int 
 Registers used:
		wreg, status,2, status,0, pclath, cstack
 Tracked objects:
		On entry : 
		On exit  : 
		Unchanged: 
 Data sizes:     COMMON   BANK0   BANK1   BANK3   BANK2
      Params:         2       0       0       0       0
      Locals:         3       0       0       0       0
      Temps:          2       0       0       0       0
      Totals:         7       0       0       0       0
Total ram usage:        7 bytes
 Hardware stack levels used:    1
 Hardware stack levels required when called:    2
 This function calls:
		_I2C_Master_Read
		_I2C_Master_Start
		_I2C_Master_Stop
		_I2C_Master_Write
 This function is called by:
		_BMP280_begin
 This function uses a non-reentrant model


 *************** function _I2C_Master_Read *****************
 Defined at:
		line 74 in file "I2C.c"
 Parameters:    Size  Location     Type
  a               2    0[COMMON] unsigned short 
 Auto vars:     Size  Location     Type
  temp            2    4[COMMON] unsigned short 
 Return value:  Size  Location     Type
                  2    0[COMMON] unsigned short 
 Registers used:
		wreg, status,2, status,0, pclath, cstack
 Tracked objects:
		On entry : 
		On exit  : 
		Unchanged: 
 Data sizes:     COMMON   BANK0   BANK1   BANK3   BANK2
      Params:         2       0       0       0       0
      Locals:         2       0       0       0       0
      Temps:          2       0       0       0       0
      Totals:         6       0       0       0       0
Total ram usage:        6 bytes
 Hardware stack levels used:    1
 Hardware stack levels required when called:    1
 This function calls:
		_I2C_Master_Wait
 This function is called by:
		_BMP280_Read8
		_BMP280_Read16
		_BMP280_Update
 This function uses a non-reentrant model


 *************** function _BMP280_Configure *****************
 Defined at:
		line 143 in file "BMP280.c"
 Parameters:    Size  Location     Type
  mode            1    wreg     enum E1304
  T_sampling      1    6[COMMON] enum E1309
  P_sampling      1    7[COMMON] enum E1309
  filter          1    8[COMMON] enum E1317
  standby         1    9[COMMON] enum E1324
 Auto vars:     Size  Location     Type
  mode            1    0[BANK0 ] enum E1304
  _config         1    2[BANK0 ] unsigned char 
  _ctrl_meas      1    1[BANK0 ] unsigned char 
 Return value:  Size  Location     Type
                  1    wreg      void 
 Registers used:
		wreg, status,2, status,0, pclath, cstack
 Tracked objects:
		On entry : 
		On exit  : 
		Unchanged: 
 Data sizes:     COMMON   BANK0   BANK1   BANK3   BANK2
      Params:         4       0       0       0       0
      Locals:         0       3       0       0       0
      Temps:          3       0       0       0       0
      Totals:         7       3       0       0       0
Total ram usage:       10 bytes
 Hardware stack levels used:    1
 Hardware stack levels required when called:    3
 This function calls:
		_BMP280_Write
 This function is called by:
		_BMP280_begin
 This function uses a non-reentrant model


 *************** function _BMP280_Write *****************
 Defined at:
		line 96 in file "BMP280.c"
 Parameters:    Size  Location     Type
  reg_addr        1    wreg     unsigned char 
  _data           1    2[COMMON] unsigned char 
 Auto vars:     Size  Location     Type
  reg_addr        1    5[COMMON] unsigned char 
 Return value:  Size  Location     Type
                  1    wreg      void 
 Registers used:
		wreg, status,2, status,0, pclath, cstack
 Tracked objects:
		On entry : 
		On exit  : 
		Unchanged: 
 Data sizes:     COMMON   BANK0   BANK1   BANK3   BANK2
      Params:         1       0       0       0       0
      Locals:         1       0       0       0       0
      Temps:          2       0       0       0       0
      Totals:         4       0       0       0       0
Total ram usage:        4 bytes
 Hardware stack levels used:    1
 Hardware stack levels required when called:    2
 This function calls:
		_I2C_Master_Start
		_I2C_Master_Stop
		_I2C_Master_Write
 This function is called by:
		_BMP280_Configure
		_BMP280_begin
		_BMP280_ForcedMeasurement
 This function uses a non-reentrant model


 *************** function _I2C_Master_Write *****************
 Defined at:
		line 65 in file "I2C.c"
 Parameters:    Size  Location     Type
  d               2    0[COMMON] unsigned int 
 Auto vars:     Size  Location     Type
		None
 Return value:  Size  Location     Type
                  1    wreg      void 
 Registers used:
		wreg, status,2, status,0, pclath, cstack
 Tracked objects:
		On entry : 
		On exit  : 
		Unchanged: 
 Data sizes:     COMMON   BANK0   BANK1   BANK3   BANK2
      Params:         2       0       0       0       0
      Locals:         0       0       0       0       0
      Temps:          0       0       0       0       0
      Totals:         2       0       0       0       0
Total ram usage:        2 bytes
 Hardware stack levels used:    1
 Hardware stack levels required when called:    1
 This function calls:
		_I2C_Master_Wait
 This function is called by:
		_BMP280_Write
		_BMP280_Read8
		_BMP280_Read16
		_BMP280_Update
 This function uses a non-reentrant model


 *************** function _I2C_Master_Stop *****************
 Defined at:
		line 55 in file "I2C.c"
 Parameters:    Size  Location     Type
		None
 Auto vars:     Size  Location     Type
		None
 Return value:  Size  Location     Type
                  1    wreg      void 
 Registers used:
		wreg, status,2, status,0, pclath, cstack
 Tracked objects:
		On entry : 
		On exit  : 
		Unchanged: 
 Data sizes:     COMMON   BANK0   BANK1   BANK3   BANK2
      Params:         0       0       0       0       0
      Locals:         0       0       0       0       0
      Temps:          0       0       0       0       0
      Totals:         0       0       0       0       0
Total ram usage:        0 bytes
 Hardware stack levels used:    1
 Hardware stack levels required when called:    1
 This function calls:
		_I2C_Master_Wait
 This function is called by:
		_BMP280_Write
		_BMP280_Read8
		_BMP280_Read16
		_BMP280_Update
 This function uses a non-reentrant model


 *************** function _I2C_Master_Start *****************
 Defined at:
		line 39 in file "I2C.c"
 Parameters:    Size  Location     Type
		None
 Auto vars:     Size  Location     Type
		None
 Return value:  Size  Location     Type
                  1    wreg      void 
 Registers used:
		wreg, status,2, status,0, pclath, cstack
 Tracked objects:
		On entry : 
		On exit  : 
		Unchanged: 
 Data sizes:     COMMON   BANK0   BANK1   BANK3   BANK2
      Params:         0       0       0       0       0
      Locals:         0       0       0       0       0
      Temps:          0       0       0       0       0
      Totals:         0       0       0       0       0
Total ram usage:        0 bytes
 Hardware stack levels used:    1
 Hardware stack levels required when called:    1
 This function calls:
		_I2C_Master_Wait
 This function is called by:
		_BMP280_Write
		_BMP280_Read8
		_BMP280_Read16
		_BMP280_Update
 This function uses a non-reentrant model


 *************** function _I2C_Master_Wait *****************
 Defined at:
		line 32 in file "I2C.c"
 Parameters:    Size  Location     Type
		None
 Auto vars:     Size  Location     Type
		None
 Return value:  Size  Location     Type
                  1    wreg      void 
 Registers used:
		wreg, status,2
 Tracked objects:
		On entry : 
		On exit  : 
		Unchanged: 
 Data sizes:     COMMON   BANK0   BANK1   BANK3   BANK2
      Params:         0       0       0       0       0
      Locals:         0       0       0       0       0
      Temps:          0       0       0       0       0
      Totals:         0       0       0       0       0
Total ram usage:        0 bytes
 Hardware stack levels used:    1
 This function calls:
		Nothing
 This function is called by:
		_I2C_Master_Start
		_I2C_Master_Stop
		_I2C_Master_Write
		_I2C_Master_Read
		_I2C_Master_RepeatedStart
 This function uses a non-reentrant model



MODULE INFORMATION

Module		Function		Class		Link	Load	Size
mainm2.c
		_main          		CODE           	0C6F	0000	54
		_setup         		CODE           	0BF4	0000	32

mainm2.c estimated size: 86

C:\Program Files\Microchip\xc8\v2.31\pic\sources\c90\common\__lldiv.c
		___lldiv       		CODE           	0DF5	0000	104

C:\Program Files\Microchip\xc8\v2.31\pic\sources\c90\common\__lldiv.c estimated size: 104

I2C.c
		_I2C_Master_Read		CODE           	0C41	0000	46
		_I2C_Master_Wait		CODE           	0009	0000	13
		_I2C_Master_Init		CODE           	0CA5	0000	56
		_I2C_Master_Stop		CODE           	0BE1	0000	9
		_I2C_Master_Write		CODE           	0BEA	0000	10
		_I2C_Master_Start		CODE           	0BD8	0000	9

I2C.c estimated size: 143

C:\Program Files\Microchip\xc8\v2.31\pic\sources\c90\common\Umul32.c
		___lmul        		CODE           	0D61	0000	72

C:\Program Files\Microchip\xc8\v2.31\pic\sources\c90\common\Umul32.c estimated size: 72

shared
		__initialization		CODE           	07EB	0000	17

shared estimated size: 17

C:\Program Files\Microchip\xc8\v2.31\pic\sources\c90\common\aldiv.c
		___aldiv       		CODE           	0016	0000	157

C:\Program Files\Microchip\xc8\v2.31\pic\sources\c90\common\aldiv.c estimated size: 157

BMP280.c
		_BMP280_readTemperature		CODE           	00B3	0000	530
		_BMP280_Read8  		CODE           	0CDD	0000	60
		_BMP280_Write  		CODE           	0C14	0000	45
		_BMP280_begin  		CODE           	0F22	0000	222
		_BMP280_Read16 		CODE           	0DA9	0000	76
		_BMP280_Update 		CODE           	0E5D	0000	197
		_BMP280_Configure		CODE           	0D19	0000	72
		_BMP280_readPressure		CODE           	02C5	0000	1318

BMP280.c estimated size: 2520

