Microchip MPLAB XC8 Compiler V2.31

Linker command line:

-W-3 --edf=C:\Program Files\Microchip\xc8\v2.31\pic\dat\en_msgs.txt -cn \
  -h+dist/default/production\Mini2.X.production.sym \
  --cmf=dist/default/production\Mini2.X.production.cmf -z -Q16F887 \
  -oC:\Users\camil\AppData\Local\Temp\s55k.2 --defsym=__MPLAB_BUILD=1 \
  -Mdist/default/production/Mini2.X.production.map -E1 -ver=XC8 Compiler \
  --acfsm=1493 -ASTACK=0110h-016Fh -pstack=STACK -ACODE=00h-07FFhx4 \
  -ASTRCODE=00h-01FFFh -ASTRING=00h-0FFhx32 -ACONST=00h-0FFhx32 \
  -AENTRY=00h-0FFhx32 -ACOMMON=070h-07Fh -ABANK0=020h-06Fh \
  -ABANK1=0A0h-0EFh -ABANK2=0110h-016Fh -ABANK3=0190h-01EFh \
  -ARAM=020h-06Fh,0A0h-0EFh,0110h-016Fh,0190h-01EFh \
  -AABS1=020h-07Fh,0A0h-0EFh,0110h-016Fh,0190h-01EFh -ASFR0=00h-01Fh \
  -ASFR1=080h-09Fh -ASFR2=0100h-010Fh -ASFR3=0180h-018Fh \
  -ACONFIG=02007h-02008h -DCONFIG=2 -AIDLOC=02000h-02003h -DIDLOC=2 \
  -AEEDATA=00h-0FFh/02100h -peeprom_data=EEDATA -DEEDATA=2 -DCODE=2 \
  -DSTRCODE=2 -DSTRING=2 -DCONST=2 -DENTRY=2 \
  -preset_vec=00h,intentry=04h,init,end_init -ppowerup=CODE -pcinit=CODE \
  -pfunctab=ENTRY -k C:\Users\camil\AppData\Local\Temp\s55k.o \
  dist/default/production\Mini2.X.production.o 

Object code version is 3.11

Machine type is 16F887



                Name                               Link     Load   Length Selector   Space Scale
C:\Users\camil\AppData\Local\Temp\s55k.o
                end_init                              C        C        3        8       0
                reset_vec                             0        0        3        0       0
                config                             2007     2007        2        0       4
dist/default/production\Mini2.X.production.o
                cinit                                 F        F       15        8       0
                intentry                              4        4        8        8       0
                config                             2007     2007        2        0       4
                text24                              99A      99A        A     1334       0
                text23                              9B8      9B8       18     1370       0
                text22                              7EC      7EC        D        8       0
                text21                              988      988        9     1310       0
                text20                              991      991        9     1322       0
                text19                              9A4      9A4        A     1348       0
                text18                              A34      A34       2D     1468       0
                text17                              B0B      B0B       48     1616       0
                text16                              A61      A61       2E     14C2       0
                text15                              B9B      B9B       56     1736       0
                text14                              AC7      AC7       44     158E       0
                text13                              D18      D18       DE     1A30       0
                text12                              C7B      C7B       9D     18F6       0
                text11                              784      784       68        8       0
                text10                              B53      B53       48     16A6       0
                text9                                24       24      528        8       0
                text8                               DF6      DF6       DF     1BEC       0
                text7                               54C      54C      238        8       0
                text6                               9AE      9AE        A     135C       0
                text5                               9D0      9D0       1F     13A0       0
                text4                               A0F      A0F       25     141E       0
                text3                               ED5      ED5      12B     1DAA       0
                text2                               A8F      A8F       38     151E       0
                text1                               9EF      9EF       20     13DE       0
                maintext                            BF1      BF1       8A     17E2       0
                cstackBANK0                          20       20       44       20       1
                cstackCOMMON                         70       70        B       70       1
                clrtext                             980      980        8     1300       0
                bssBANK1                             A0       A0       2C       A0       1
                bssBANK0                             64       64        9       20       1
                strings                             800      800        A     1000       0

TOTAL           Name                               Link     Load   Length     Space
        CLASS   STACK          

        CLASS   CODE           
                end_init                              C        C        3         0
                cinit                                 F        F       15         0
                intentry                              4        4        8         0
                reset_vec                             0        0        3         0
                text24                              99A      99A        A         0
                text23                              9B8      9B8       18         0
                text22                              7EC      7EC        D         0
                text21                              988      988        9         0
                text20                              991      991        9         0
                text19                              9A4      9A4        A         0
                text18                              A34      A34       2D         0
                text17                              B0B      B0B       48         0
                text16                              A61      A61       2E         0
                text15                              B9B      B9B       56         0
                text14                              AC7      AC7       44         0
                text13                              D18      D18       DE         0
                text12                              C7B      C7B       9D         0
                text11                              784      784       68         0
                text10                              B53      B53       48         0
                text9                                24       24      528         0
                text8                               DF6      DF6       DF         0
                text7                               54C      54C      238         0
                text6                               9AE      9AE        A         0
                text5                               9D0      9D0       1F         0
                text4                               A0F      A0F       25         0
                text3                               ED5      ED5      12B         0
                text2                               A8F      A8F       38         0
                text1                               9EF      9EF       20         0
                maintext                            BF1      BF1       8A         0
                clrtext                             980      980        8         0

        CLASS   STRCODE        

        CLASS   STRING         
                strings                             800      800        A         0

        CLASS   CONST          

        CLASS   ENTRY          

        CLASS   COMMON         
                cstackCOMMON                         70       70        B         1

        CLASS   BANK0          
                cstackBANK0                          20       20       44         1
                bssBANK0                             64       64        9         1

        CLASS   BANK1          
                bssBANK1                             A0       A0       2C         1

        CLASS   BANK2          

        CLASS   BANK3          

        CLASS   RAM            

        CLASS   ABS1           
                abs_s1                               7E       7E        2         1

        CLASS   SFR0           

        CLASS   SFR1           

        CLASS   SFR2           

        CLASS   SFR3           

        CLASS   CONFIG         
                config                             2007     2007        2         4

        CLASS   IDLOC          

        CLASS   EEDATA         



SEGMENTS        Name                           Load    Length   Top    Selector   Space  Class     Delta

                reset_vec                      000000  000003  000003         0       0  CODE        2
                intentry                       000004  0007F5  0007F9         8       0  CODE        2
                cstackBANK0                    000020  00004D  00006D        20       1  BANK0       1
                cstackCOMMON                   000070  00000B  00007B        70       1  COMMON      1
                bssBANK1                       0000A0  00002C  0000CC        A0       1  BANK1       1
                strings                        000800  00000A  00080A      1000       0  STRING      2
                clrtext                        000980  000008  000988      1300       0  CODE        2
                text21                         000988  000009  000991      1310       0  CODE        2
                text20                         000991  000009  00099A      1322       0  CODE        2
                text24                         00099A  00000A  0009A4      1334       0  CODE        2
                text19                         0009A4  00000A  0009AE      1348       0  CODE        2
                text6                          0009AE  00000A  0009B8      135C       0  CODE        2
                text23                         0009B8  000018  0009D0      1370       0  CODE        2
                text5                          0009D0  00001F  0009EF      13A0       0  CODE        2
                text1                          0009EF  000020  000A0F      13DE       0  CODE        2
                text4                          000A0F  000025  000A34      141E       0  CODE        2
                text18                         000A34  00002D  000A61      1468       0  CODE        2
                text16                         000A61  00002E  000A8F      14C2       0  CODE        2
                text2                          000A8F  000038  000AC7      151E       0  CODE        2
                text14                         000AC7  000044  000B0B      158E       0  CODE        2
                text17                         000B0B  000048  000B53      1616       0  CODE        2
                text10                         000B53  000048  000B9B      16A6       0  CODE        2
                text15                         000B9B  000056  000BF1      1736       0  CODE        2
                maintext                       000BF1  00008A  000C7B      17E2       0  CODE        2
                text12                         000C7B  00009D  000D18      18F6       0  CODE        2
                text13                         000D18  0000DE  000DF6      1A30       0  CODE        2
                text8                          000DF6  0000DF  000ED5      1BEC       0  CODE        2
                text3                          000ED5  00012B  001000      1DAA       0  CODE        2


UNUSED ADDRESS RANGES

        Name                Unused          Largest block    Delta
        BANK0            006D-006F              3           1
        BANK1            00CC-00EF             24           1
        BANK2            0110-016F             60           1
        BANK3            0190-01EF             60           1
        CODE             0003-0003              1           2
                         07F9-07FF              7
                         080A-097F            176
                         1000-1FFF            800
        COMMON           007B-007D              3           1
        CONST            0003-0003              1           2
                         07F9-07FF              7
                         080A-097F             F6
                         1000-1FFF            100
        EEDATA           2100-21FF            100           2
        ENTRY            0003-0003              1           2
                         07F9-07FF              7
                         080A-097F             F6
                         1000-1FFF            100
        IDLOC            2000-2003              4           2
        RAM              006D-006F              3           1
                         00CC-00EF             24
                         0110-016F             60
                         0190-01EF             60
        SFR0             0000-001F             20           1
        SFR1             0080-009F             20           1
        SFR2             0100-010F             10           1
        SFR3             0180-018F             10           1
        STACK            0110-016F             60           1
        STRCODE          0003-0003              1           2
                         07F9-07FF              7
                         080A-097F            176
                         1000-1FFF           1000
        STRING           0003-0003              1           2
                         07F9-07FF              7
                         080A-097F             F6
                         1000-1FFF            100

                                  Symbol Table

?_BMP280_Read16                  cstackCOMMON 0079
?_I2C_Master_Read                cstackCOMMON 0073
?___aldiv                        cstackCOMMON 0073
?___lldiv                        cstackCOMMON 0073
?___lmul                         cstackBANK0  0027
?___wmul                         cstackCOMMON 0073
BMP280_Configure@P_sampling      cstackBANK0  0021
BMP280_Configure@T_sampling      cstackBANK0  0020
BMP280_Configure@_config         cstackBANK0  0029
BMP280_Configure@_ctrl_meas      cstackBANK0  0028
BMP280_Configure@filter          cstackBANK0  0022
BMP280_Configure@mode            cstackBANK0  0027
BMP280_Configure@standby         cstackBANK0  0023
BMP280_Read16@reg_addr           cstackBANK0  0022
BMP280_Read16@ret                cstackBANK0  0023
BMP280_Read8@reg_addr            cstackBANK0  0020
BMP280_Read8@ret                 cstackBANK0  0021
BMP280_Update@ret                cstackBANK0  0024
BMP280_Write@_data               cstackCOMMON 0075
BMP280_Write@reg_addr            cstackCOMMON 0078
BMP280_begin@P_sampling          cstackBANK0  002B
BMP280_begin@T_sampling          cstackBANK0  002A
BMP280_begin@filter              cstackBANK0  002C
BMP280_begin@mode                cstackBANK0  0032
BMP280_begin@standby             cstackBANK0  002D
BMP280_readPressure@p            cstackBANK0  0059
BMP280_readPressure@pres         cstackBANK0  0050
BMP280_readPressure@var1         cstackBANK0  005D
BMP280_readPressure@var2         cstackBANK0  0055
BMP280_readTemperature@temp      cstackBANK0  0050
BMP280_readTemperature@var1      cstackBANK0  0044
BMP280_readTemperature@var2      cstackBANK0  0048
I2C_Master_Init@c                cstackBANK0  0026
I2C_Master_Read@a                cstackCOMMON 0073
I2C_Master_Read@temp1            cstackCOMMON 0077
I2C_Master_Write@d               cstackCOMMON 0073
Send_Data@X                      cstackCOMMON 0073
Send_String@X                    cstackCOMMON 0075
_ANSEL                           (abs)        0188
_ANSELH                          (abs)        0189
_BAUDCTLbits                     (abs)        0187
_BMP280_Configure                text17       0B0B
_BMP280_Read16                   text15       0B9B
_BMP280_Read8                    text14       0AC7
_BMP280_Update                   text8        0DF6
_BMP280_Write                    text18       0A34
_BMP280_begin                    text13       0D18
_BMP280_calib                    bssBANK1     00AC
_BMP280_readPressure             text9        0024
_BMP280_readPressure$1201        cstackBANK0  0051
_BMP280_readPressure$1202        cstackBANK0  0044
_BMP280_readPressure$1203        cstackBANK0  0048
_BMP280_readPressure$1204        cstackBANK0  004C
_BMP280_readTemperature          text7        054C
_BMP280_readTemperature$1199     cstackBANK0  0051
_BMP280_readTemperature$1200     cstackBANK0  004C
_GIE                             (abs)        005F
_I2C_Master_Init                 text2        0A8F
_I2C_Master_Read                 text16       0A61
_I2C_Master_Start                text21       0988
_I2C_Master_Stop                 text20       0991
_I2C_Master_Wait                 text22       07EC
_I2C_Master_Write                text19       09A4
_PEIE                            (abs)        005E
_PIE1bits                        (abs)        008C
_PIR1bits                        (abs)        000C
_PORTA                           (abs)        0005
_PORTB                           (abs)        0006
_PORTBbits                       (abs)        0006
_PORTD                           (abs)        0008
_RCREG                           (abs)        001A
_RCSTAbits                       (abs)        0018
_RX                              bssBANK0     0068
_Receive_Data                    text24       099A
_SPBRG                           (abs)        0099
_SPBRGH                          (abs)        009A
_SSPADD                          (abs)        0093
_SSPBUF                          (abs)        0013
_SSPCON                          (abs)        0014
_SSPCON2                         (abs)        0091
_SSPCON2bits                     (abs)        0091
_SSPIE                           (abs)        0463
_SSPIF                           (abs)        0063
_SSPSTAT                         (abs)        0094
_Send_Data                       text6        09AE
_Send_String                     text5        09D0
_Send_Temp                       text3        0ED5
_TRISA                           (abs)        0085
_TRISB                           (abs)        0086
_TRISC3                          (abs)        043B
_TRISC4                          (abs)        043C
_TRISCbits                       (abs)        0087
_TRISD                           (abs)        0088
_TXIF                            (abs)        0064
_TXREG                           (abs)        0019
_TXSTAbits                       (abs)        0098
__Habs1                          abs1         0000
__Hbank0                         bank0        0000
__Hbank1                         bank1        0000
__Hbank2                         bank2        0000
__Hbank3                         bank3        0000
__HbssBANK0                      bssBANK0     0000
__HbssBANK1                      bssBANK1     0000
__Hcinit                         cinit        0024
__Hclrtext                       clrtext      0000
__Hcode                          code         0000
__Hcommon                        common       0000
__Hconfig                        config       2009
__HcstackBANK0                   cstackBANK0  0000
__HcstackCOMMON                  cstackCOMMON 0000
__Heeprom_data                   eeprom_data  0000
__Hend_init                      end_init     000F
__Hfunctab                       functab      0000
__Hinit                          init         000C
__Hintentry                      intentry     000C
__Hmaintext                      maintext     0000
__Hpowerup                       powerup      0000
__Hram                           ram          0000
__Hreset_vec                     reset_vec    0003
__Hsfr0                          sfr0         0000
__Hsfr1                          sfr1         0000
__Hsfr2                          sfr2         0000
__Hsfr3                          sfr3         0000
__Hspace_0                       (abs)        1000
__Hspace_1                       (abs)        00CC
__Hspace_2                       (abs)        0000
__Hspace_3                       (abs)        0000
__Hspace_4                       (abs)        4010
__Hstack                         stack        0000
__Hstrings                       strings      0000
__Htext                          text         0000
__Labs1                          abs1         0000
__Lbank0                         bank0        0000
__Lbank1                         bank1        0000
__Lbank2                         bank2        0000
__Lbank3                         bank3        0000
__LbssBANK0                      bssBANK0     0000
__LbssBANK1                      bssBANK1     0000
__Lcinit                         cinit        000F
__Lclrtext                       clrtext      0000
__Lcode                          code         0000
__Lcommon                        common       0000
__Lconfig                        config       0000
__LcstackBANK0                   cstackBANK0  0000
__LcstackCOMMON                  cstackCOMMON 0000
__Leeprom_data                   eeprom_data  0000
__Lend_init                      end_init     000C
__Lfunctab                       functab      0000
__Linit                          init         000C
__Lintentry                      intentry     0004
__Lmaintext                      maintext     0000
__Lpowerup                       powerup      0000
__Lram                           ram          0000
__Lreset_vec                     reset_vec    0000
__Lsfr0                          sfr0         0000
__Lsfr1                          sfr1         0000
__Lsfr2                          sfr2         0000
__Lsfr3                          sfr3         0000
__Lspace_0                       (abs)        0000
__Lspace_1                       (abs)        0000
__Lspace_2                       (abs)        0000
__Lspace_3                       (abs)        0000
__Lspace_4                       (abs)        0000
__Lstack                         stack        0000
__Lstrings                       strings      0000
__Ltext                          text         0000
__S0                             (abs)        1000
__S1                             (abs)        00CC
__S2                             (abs)        0000
__S3                             (abs)        0000
___aldiv                         text12       0C7B
___aldiv@counter                 cstackBANK0  0021
___aldiv@dividend                cstackCOMMON 0077
___aldiv@divisor                 cstackCOMMON 0073
___aldiv@quotient                cstackBANK0  0023
___aldiv@sign                    cstackBANK0  0022
___int_sp                        stack        0000
___latbits                       (abs)        0002
___lldiv                         text11       0784
___lldiv@counter                 cstackBANK0  0025
___lldiv@dividend                cstackCOMMON 0077
___lldiv@divisor                 cstackCOMMON 0073
___lldiv@quotient                cstackBANK0  0021
___lmul                          text10       0B53
___lmul@multiplicand             cstackBANK0  002B
___lmul@multiplier               cstackBANK0  0027
___lmul@product                  cstackBANK0  0030
___sp                            stack        0000
___stackhi                       (abs)        0000
___stacklo                       (abs)        0000
___wmul                          text4        0A0F
___wmul@multiplicand             cstackCOMMON 0075
___wmul@multiplier               cstackCOMMON 0073
___wmul@product                  cstackCOMMON 0077
__end_of_BMP280_Configure        text17       0B53
__end_of_BMP280_Read16           text15       0BF1
__end_of_BMP280_Read8            text14       0B0B
__end_of_BMP280_Update           text8        0ED5
__end_of_BMP280_Write            text18       0A61
__end_of_BMP280_begin            text13       0DF6
__end_of_BMP280_readPressure     text9        054C
__end_of_BMP280_readTemperature  text7        0784
__end_of_I2C_Master_Init         text2        0AC7
__end_of_I2C_Master_Read         text16       0A8F
__end_of_I2C_Master_Start        text21       0991
__end_of_I2C_Master_Stop         text20       099A
__end_of_I2C_Master_Wait         text22       07F9
__end_of_I2C_Master_Write        text19       09AE
__end_of_Receive_Data            text24       09A4
__end_of_Send_Data               text6        09B8
__end_of_Send_String             text5        09EF
__end_of_Send_Temp               text3        1000
__end_of___aldiv                 text12       0D18
__end_of___lldiv                 text11       07EC
__end_of___lmul                  text10       0B9B
__end_of___wmul                  text4        0A34
__end_of__initialization         cinit        0020
__end_of__stringtab              strings      0806
__end_of_isr                     text23       09D0
__end_of_main                    maintext     0C7B
__end_of_setup                   text1        0A0F
__initialization                 cinit        000F
__pbssBANK0                      bssBANK0     0064
__pbssBANK1                      bssBANK1     00A0
__pcstackBANK0                   cstackBANK0  0020
__pcstackCOMMON                  cstackCOMMON 0070
__pintentry                      intentry     0004
__pmaintext                      maintext     0BF1
__pstrings                       strings      0800
__ptext1                         text1        09EF
__ptext10                        text10       0B53
__ptext11                        text11       0784
__ptext12                        text12       0C7B
__ptext13                        text13       0D18
__ptext14                        text14       0AC7
__ptext15                        text15       0B9B
__ptext16                        text16       0A61
__ptext17                        text17       0B0B
__ptext18                        text18       0A34
__ptext19                        text19       09A4
__ptext2                         text2        0A8F
__ptext20                        text20       0991
__ptext21                        text21       0988
__ptext22                        text22       07EC
__ptext23                        text23       09B8
__ptext24                        text24       099A
__ptext3                         text3        0ED5
__ptext4                         text4        0A0F
__ptext5                         text5        09D0
__ptext6                         text6        09AE
__ptext7                         text7        054C
__ptext8                         text8        0DF6
__ptext9                         text9        0024
__size_of_BMP280_Configure       (abs)        0000
__size_of_BMP280_Read16          (abs)        0000
__size_of_BMP280_Read8           (abs)        0000
__size_of_BMP280_Update          (abs)        0000
__size_of_BMP280_Write           (abs)        0000
__size_of_BMP280_begin           (abs)        0000
__size_of_BMP280_readPressure    (abs)        0000
__size_of_BMP280_readTemperature (abs)        0000
__size_of_I2C_Master_Init        (abs)        0000
__size_of_I2C_Master_Read        (abs)        0000
__size_of_I2C_Master_Start       (abs)        0000
__size_of_I2C_Master_Stop        (abs)        0000
__size_of_I2C_Master_Wait        (abs)        0000
__size_of_I2C_Master_Write       (abs)        0000
__size_of_Receive_Data           (abs)        0000
__size_of_Send_Data              (abs)        0000
__size_of_Send_String            (abs)        0000
__size_of_Send_Temp              (abs)        0000
__size_of___aldiv                (abs)        0000
__size_of___lldiv                (abs)        0000
__size_of___lmul                 (abs)        0000
__size_of___wmul                 (abs)        0000
__size_of_isr                    (abs)        0000
__size_of_main                   (abs)        0000
__size_of_setup                  (abs)        0000
__stringbase                     strings      0805
__stringtab                      strings      0800
_adc_P                           bssBANK1     00A4
_adc_T                           bssBANK1     00A8
_centi                           bssBANK0     0069
_dec                             bssBANK0     006C
_deci                            bssBANK0     006A
_isr                             text23       09B8
_main                            maintext     0BF1
_pressure                        bssBANK1     00C4
_setup                           text1        09EF
_t_fine                          bssBANK1     00A0
_temp                            bssBANK0     0064
_temperature                     bssBANK1     00C8
_uni                             bssBANK0     006B
btemp                            (abs)        007E
clear_ram0                       clrtext      0980
end_of_initialization            cinit        0020
interrupt_function               intentry     0004
intlevel0                        functab      0000
intlevel1                        functab      0000
intlevel2                        functab      0000
intlevel3                        functab      0000
intlevel4                        functab      0000
intlevel5                        functab      0000
reset_vec                        reset_vec    0000
saved_w                          (abs)        007E
start                            init         000C
start_initialization             cinit        000F
wtemp0                           (abs)        007E


FUNCTION INFORMATION:

 *************** function _main *****************
 Defined at:
		line 126 in file "mainm2.c"
 Parameters:    Size  Location     Type
		None
 Auto vars:     Size  Location     Type
		None
 Return value:  Size  Location     Type
                  1    wreg      void 
 Registers used:
		wreg, fsr0l, fsr0h, status,2, status,0, pclath, cstack
 Tracked objects:
		On entry : 
		On exit  : 
		Unchanged: 
 Data sizes:     COMMON   BANK0   BANK1   BANK3   BANK2
      Params:         0       0       0       0       0
      Locals:         0       0       0       0       0
      Temps:          0       3       0       0       0
      Totals:         0       3       0       0       0
Total ram usage:        3 bytes
 Hardware stack levels required when called:    7
 This function calls:
		_BMP280_begin
		_BMP280_readPressure
		_BMP280_readTemperature
		_Send_Data
		_Send_String
		_Send_Temp
		_setup
 This function is called by:
		Startup code after reset
 This function uses a non-reentrant model


 *************** function _setup *****************
 Defined at:
		line 169 in file "mainm2.c"
 Parameters:    Size  Location     Type
		None
 Auto vars:     Size  Location     Type
		None
 Return value:  Size  Location     Type
                  1    wreg      void 
 Registers used:
		wreg, status,2, status,0, pclath, cstack
 Tracked objects:
		On entry : 
		On exit  : 
		Unchanged: 
 Data sizes:     COMMON   BANK0   BANK1   BANK3   BANK2
      Params:         0       0       0       0       0
      Locals:         0       0       0       0       0
      Temps:          0       0       0       0       0
      Totals:         0       0       0       0       0
Total ram usage:        0 bytes
 Hardware stack levels used:    1
 Hardware stack levels required when called:    4
 This function calls:
		_I2C_Master_Init
 This function is called by:
		_main
 This function uses a non-reentrant model


 *************** function _I2C_Master_Init *****************
 Defined at:
		line 17 in file "I2C.c"
 Parameters:    Size  Location     Type
  c               4    6[BANK0 ] const unsigned long 
 Auto vars:     Size  Location     Type
		None
 Return value:  Size  Location     Type
                  1    wreg      void 
 Registers used:
		wreg, status,2, status,0, pclath, cstack
 Tracked objects:
		On entry : 
		On exit  : 
		Unchanged: 
 Data sizes:     COMMON   BANK0   BANK1   BANK3   BANK2
      Params:         0       4       0       0       0
      Locals:         0       0       0       0       0
      Temps:          0       4       0       0       0
      Totals:         0       8       0       0       0
Total ram usage:        8 bytes
 Hardware stack levels used:    1
 Hardware stack levels required when called:    3
 This function calls:
		___lldiv
 This function is called by:
		_setup
 This function uses a non-reentrant model


 *************** function _Send_Temp *****************
 Defined at:
		line 185 in file "mainm2.c"
 Parameters:    Size  Location     Type
		None
 Auto vars:     Size  Location     Type
		None
 Return value:  Size  Location     Type
                  1    wreg      void 
 Registers used:
		wreg, status,2, status,0, pclath, cstack
 Tracked objects:
		On entry : 
		On exit  : 
		Unchanged: 
 Data sizes:     COMMON   BANK0   BANK1   BANK3   BANK2
      Params:         0       0       0       0       0
      Locals:         0       0       0       0       0
      Temps:          0      10       0       0       0
      Totals:         0      10       0       0       0
Total ram usage:       10 bytes
 Hardware stack levels used:    1
 Hardware stack levels required when called:    3
 This function calls:
		___lldiv
		___wmul
 This function is called by:
		_main
 This function uses a non-reentrant model


 *************** function ___wmul *****************
 Defined at:
		line 15 in file "C:\Program Files\Microchip\xc8\v2.31\pic\sources\c90\common\Umul16.c"
 Parameters:    Size  Location     Type
  multiplier      2    3[COMMON] unsigned int 
  multiplicand    2    5[COMMON] unsigned int 
 Auto vars:     Size  Location     Type
  product         2    7[COMMON] unsigned int 
 Return value:  Size  Location     Type
                  2    3[COMMON] unsigned int 
 Registers used:
		wreg, status,2, status,0
 Tracked objects:
		On entry : 
		On exit  : 
		Unchanged: 
 Data sizes:     COMMON   BANK0   BANK1   BANK3   BANK2
      Params:         4       0       0       0       0
      Locals:         2       0       0       0       0
      Temps:          0       0       0       0       0
      Totals:         6       0       0       0       0
Total ram usage:        6 bytes
 Hardware stack levels used:    1
 Hardware stack levels required when called:    2
 This function calls:
		Nothing
 This function is called by:
		_Send_Temp
 This function uses a non-reentrant model


 *************** function _Send_String *****************
 Defined at:
		line 23 in file "UART.c"
 Parameters:    Size  Location     Type
  X               1    wreg     PTR unsigned char 
		 -> STR_2(2), STR_1(2), 
 Auto vars:     Size  Location     Type
  X               1    5[COMMON] PTR unsigned char 
		 -> STR_2(2), STR_1(2), 
 Return value:  Size  Location     Type
                  1    wreg      void 
 Registers used:
		wreg, fsr0l, fsr0h, status,2, status,0, pclath, cstack
 Tracked objects:
		On entry : 
		On exit  : 
		Unchanged: 
 Data sizes:     COMMON   BANK0   BANK1   BANK3   BANK2
      Params:         0       0       0       0       0
      Locals:         1       0       0       0       0
      Temps:          1       0       0       0       0
      Totals:         2       0       0       0       0
Total ram usage:        2 bytes
 Hardware stack levels used:    1
 Hardware stack levels required when called:    3
 This function calls:
		_Send_Data
 This function is called by:
		_main
 This function uses a non-reentrant model


 *************** function _Send_Data *****************
 Defined at:
		line 18 in file "UART.c"
 Parameters:    Size  Location     Type
  X               1    wreg     unsigned char 
 Auto vars:     Size  Location     Type
  X               1    3[COMMON] unsigned char 
 Return value:  Size  Location     Type
                  1    wreg      void 
 Registers used:
		wreg
 Tracked objects:
		On entry : 
		On exit  : 
		Unchanged: 
 Data sizes:     COMMON   BANK0   BANK1   BANK3   BANK2
      Params:         0       0       0       0       0
      Locals:         1       0       0       0       0
      Temps:          0       0       0       0       0
      Totals:         1       0       0       0       0
Total ram usage:        1 bytes
 Hardware stack levels used:    1
 Hardware stack levels required when called:    2
 This function calls:
		Nothing
 This function is called by:
		_main
		_Send_String
 This function uses a non-reentrant model


 *************** function _BMP280_readTemperature *****************
 Defined at:
		line 242 in file "BMP280.c"
 Parameters:    Size  Location     Type
  temp            1    wreg     PTR long 
		 -> temperature(4), 
 Auto vars:     Size  Location     Type
  temp            1   48[BANK0 ] PTR long 
		 -> temperature(4), 
  var2            4   40[BANK0 ] long 
  var1            4   36[BANK0 ] long 
 Return value:  Size  Location     Type
                  2   10[None  ] int 
 Registers used:
		wreg, fsr0l, fsr0h, status,2, status,0, pclath, cstack
 Tracked objects:
		On entry : 
		On exit  : 
		Unchanged: 
 Data sizes:     COMMON   BANK0   BANK1   BANK3   BANK2
      Params:         0       0       0       0       0
      Locals:         0      17       0       0       0
      Temps:          0      16       0       0       0
      Totals:         0      33       0       0       0
Total ram usage:       33 bytes
 Hardware stack levels used:    1
 Hardware stack levels required when called:    5
 This function calls:
		_BMP280_Update
		___aldiv
		___lmul
 This function is called by:
		_main
 This function uses a non-reentrant model


 *************** function _BMP280_Update *****************
 Defined at:
		line 211 in file "BMP280.c"
 Parameters:    Size  Location     Type
		None
 Auto vars:     Size  Location     Type
  ret             4    4[BANK0 ] struct .
 Return value:  Size  Location     Type
                  1    wreg      void 
 Registers used:
		wreg, status,2, status,0, pclath, cstack
 Tracked objects:
		On entry : 
		On exit  : 
		Unchanged: 
 Data sizes:     COMMON   BANK0   BANK1   BANK3   BANK2
      Params:         0       0       0       0       0
      Locals:         0       4       0       0       0
      Temps:          0       4       0       0       0
      Totals:         0       8       0       0       0
Total ram usage:        8 bytes
 Hardware stack levels used:    1
 Hardware stack levels required when called:    4
 This function calls:
		_I2C_Master_Read
		_I2C_Master_Start
		_I2C_Master_Stop
		_I2C_Master_Write
 This function is called by:
		_BMP280_readTemperature
 This function uses a non-reentrant model


 *************** function _BMP280_readPressure *****************
 Defined at:
		line 266 in file "BMP280.c"
 Parameters:    Size  Location     Type
  pres            1    wreg     PTR unsigned long 
		 -> pressure(4), 
 Auto vars:     Size  Location     Type
  pres            1   48[BANK0 ] PTR unsigned long 
		 -> pressure(4), 
  var1            4   61[BANK0 ] long 
  p               4   57[BANK0 ] unsigned long 
  var2            4   53[BANK0 ] long 
 Return value:  Size  Location     Type
                  2   12[None  ] int 
 Registers used:
		wreg, fsr0l, fsr0h, status,2, status,0, pclath, cstack
 Tracked objects:
		On entry : 
		On exit  : 
		Unchanged: 
 Data sizes:     COMMON   BANK0   BANK1   BANK3   BANK2
      Params:         0       0       0       0       0
      Locals:         0      29       0       0       0
      Temps:          0      16       0       0       0
      Totals:         0      45       0       0       0
Total ram usage:       45 bytes
 Hardware stack levels used:    1
 Hardware stack levels required when called:    3
 This function calls:
		___aldiv
		___lldiv
		___lmul
 This function is called by:
		_main
 This function uses a non-reentrant model


 *************** function ___lmul *****************
 Defined at:
		line 15 in file "C:\Program Files\Microchip\xc8\v2.31\pic\sources\c90\common\Umul32.c"
 Parameters:    Size  Location     Type
  multiplier      4    7[BANK0 ] unsigned long 
  multiplicand    4   11[BANK0 ] unsigned long 
 Auto vars:     Size  Location     Type
  product         4   16[BANK0 ] unsigned long 
 Return value:  Size  Location     Type
                  4    7[BANK0 ] unsigned long 
 Registers used:
		wreg, status,2, status,0
 Tracked objects:
		On entry : 
		On exit  : 
		Unchanged: 
 Data sizes:     COMMON   BANK0   BANK1   BANK3   BANK2
      Params:         0       8       0       0       0
      Locals:         0       4       0       0       0
      Temps:          0       1       0       0       0
      Totals:         0      13       0       0       0
Total ram usage:       13 bytes
 Hardware stack levels used:    1
 Hardware stack levels required when called:    2
 This function calls:
		Nothing
 This function is called by:
		_BMP280_readTemperature
		_BMP280_readPressure
 This function uses a non-reentrant model


 *************** function ___lldiv *****************
 Defined at:
		line 5 in file "C:\Program Files\Microchip\xc8\v2.31\pic\sources\c90\common\__lldiv.c"
 Parameters:    Size  Location     Type
  divisor         4    3[COMMON] unsigned long 
  dividend        4    7[COMMON] unsigned long 
 Auto vars:     Size  Location     Type
  quotient        4    1[BANK0 ] unsigned long 
  counter         1    5[BANK0 ] unsigned char 
 Return value:  Size  Location     Type
                  4    3[COMMON] unsigned long 
 Registers used:
		wreg, status,2, status,0
 Tracked objects:
		On entry : 
		On exit  : 
		Unchanged: 
 Data sizes:     COMMON   BANK0   BANK1   BANK3   BANK2
      Params:         8       0       0       0       0
      Locals:         0       5       0       0       0
      Temps:          0       1       0       0       0
      Totals:         8       6       0       0       0
Total ram usage:       14 bytes
 Hardware stack levels used:    1
 Hardware stack levels required when called:    2
 This function calls:
		Nothing
 This function is called by:
		_Send_Temp
		_I2C_Master_Init
		_BMP280_readPressure
 This function uses a non-reentrant model


 *************** function ___aldiv *****************
 Defined at:
		line 5 in file "C:\Program Files\Microchip\xc8\v2.31\pic\sources\c90\common\aldiv.c"
 Parameters:    Size  Location     Type
  divisor         4    3[COMMON] long 
  dividend        4    7[COMMON] long 
 Auto vars:     Size  Location     Type
  quotient        4    3[BANK0 ] long 
  sign            1    2[BANK0 ] unsigned char 
  counter         1    1[BANK0 ] unsigned char 
 Return value:  Size  Location     Type
                  4    3[COMMON] long 
 Registers used:
		wreg, status,2, status,0
 Tracked objects:
		On entry : 
		On exit  : 
		Unchanged: 
 Data sizes:     COMMON   BANK0   BANK1   BANK3   BANK2
      Params:         8       0       0       0       0
      Locals:         0       6       0       0       0
      Temps:          0       1       0       0       0
      Totals:         8       7       0       0       0
Total ram usage:       15 bytes
 Hardware stack levels used:    1
 Hardware stack levels required when called:    2
 This function calls:
		Nothing
 This function is called by:
		_BMP280_readTemperature
		_BMP280_readPressure
 This function uses a non-reentrant model


 *************** function _BMP280_begin *****************
 Defined at:
		line 156 in file "BMP280.c"
 Parameters:    Size  Location     Type
  mode            1    wreg     enum E1304
  T_sampling      1   10[BANK0 ] enum E1309
  P_sampling      1   11[BANK0 ] enum E1309
  filter          1   12[BANK0 ] enum E1317
  standby         1   13[BANK0 ] enum E1324
 Auto vars:     Size  Location     Type
  mode            1   18[BANK0 ] enum E1304
 Return value:  Size  Location     Type
                  2   10[BANK0 ] int 
 Registers used:
		wreg, status,2, status,0, pclath, cstack
 Tracked objects:
		On entry : 
		On exit  : 
		Unchanged: 
 Data sizes:     COMMON   BANK0   BANK1   BANK3   BANK2
      Params:         0       4       0       0       0
      Locals:         0       1       0       0       0
      Temps:          0       4       0       0       0
      Totals:         0       9       0       0       0
Total ram usage:        9 bytes
 Hardware stack levels used:    1
 Hardware stack levels required when called:    6
 This function calls:
		_BMP280_Configure
		_BMP280_Read16
		_BMP280_Read8
		_BMP280_Write
 This function is called by:
		_main
 This function uses a non-reentrant model


 *************** function _BMP280_Read8 *****************
 Defined at:
		line 106 in file "BMP280.c"
 Parameters:    Size  Location     Type
  reg_addr        1    wreg     unsigned char 
 Auto vars:     Size  Location     Type
  reg_addr        1    0[BANK0 ] unsigned char 
  ret             1    1[BANK0 ] unsigned char 
 Return value:  Size  Location     Type
                  1    wreg      unsigned char 
 Registers used:
		wreg, status,2, status,0, pclath, cstack
 Tracked objects:
		On entry : 
		On exit  : 
		Unchanged: 
 Data sizes:     COMMON   BANK0   BANK1   BANK3   BANK2
      Params:         0       0       0       0       0
      Locals:         0       2       0       0       0
      Temps:          2       0       0       0       0
      Totals:         2       2       0       0       0
Total ram usage:        4 bytes
 Hardware stack levels used:    1
 Hardware stack levels required when called:    4
 This function calls:
		_I2C_Master_Read
		_I2C_Master_Start
		_I2C_Master_Stop
		_I2C_Master_Write
 This function is called by:
		_BMP280_begin
		_BMP280_ForcedMeasurement
 This function uses a non-reentrant model


 *************** function _BMP280_Read16 *****************
 Defined at:
		line 122 in file "BMP280.c"
 Parameters:    Size  Location     Type
  reg_addr        1    wreg     unsigned char 
 Auto vars:     Size  Location     Type
  reg_addr        1    2[BANK0 ] unsigned char 
  ret             2    3[BANK0 ] struct .
 Return value:  Size  Location     Type
                  2    9[COMMON] unsigned int 
 Registers used:
		wreg, status,2, status,0, pclath, cstack
 Tracked objects:
		On entry : 
		On exit  : 
		Unchanged: 
 Data sizes:     COMMON   BANK0   BANK1   BANK3   BANK2
      Params:         2       0       0       0       0
      Locals:         0       3       0       0       0
      Temps:          0       2       0       0       0
      Totals:         2       5       0       0       0
Total ram usage:        7 bytes
 Hardware stack levels used:    1
 Hardware stack levels required when called:    4
 This function calls:
		_I2C_Master_Read
		_I2C_Master_Start
		_I2C_Master_Stop
		_I2C_Master_Write
 This function is called by:
		_BMP280_begin
 This function uses a non-reentrant model


 *************** function _I2C_Master_Read *****************
 Defined at:
		line 75 in file "I2C.c"
 Parameters:    Size  Location     Type
  a               2    3[COMMON] unsigned short 
 Auto vars:     Size  Location     Type
  temp1           2    7[COMMON] unsigned short 
 Return value:  Size  Location     Type
                  2    3[COMMON] unsigned short 
 Registers used:
		wreg, status,2, status,0, pclath, cstack
 Tracked objects:
		On entry : 
		On exit  : 
		Unchanged: 
 Data sizes:     COMMON   BANK0   BANK1   BANK3   BANK2
      Params:         2       0       0       0       0
      Locals:         2       0       0       0       0
      Temps:          2       0       0       0       0
      Totals:         6       0       0       0       0
Total ram usage:        6 bytes
 Hardware stack levels used:    1
 Hardware stack levels required when called:    3
 This function calls:
		_I2C_Master_Wait
 This function is called by:
		_BMP280_Read8
		_BMP280_Read16
		_BMP280_Update
 This function uses a non-reentrant model


 *************** function _BMP280_Configure *****************
 Defined at:
		line 143 in file "BMP280.c"
 Parameters:    Size  Location     Type
  mode            1    wreg     enum E1304
  T_sampling      1    0[BANK0 ] enum E1309
  P_sampling      1    1[BANK0 ] enum E1309
  filter          1    2[BANK0 ] enum E1317
  standby         1    3[BANK0 ] enum E1324
 Auto vars:     Size  Location     Type
  mode            1    7[BANK0 ] enum E1304
  _config         1    9[BANK0 ] unsigned char 
  _ctrl_meas      1    8[BANK0 ] unsigned char 
 Return value:  Size  Location     Type
                  1    wreg      void 
 Registers used:
		wreg, status,2, status,0, pclath, cstack
 Tracked objects:
		On entry : 
		On exit  : 
		Unchanged: 
 Data sizes:     COMMON   BANK0   BANK1   BANK3   BANK2
      Params:         0       4       0       0       0
      Locals:         0       3       0       0       0
      Temps:          0       3       0       0       0
      Totals:         0      10       0       0       0
Total ram usage:       10 bytes
 Hardware stack levels used:    1
 Hardware stack levels required when called:    5
 This function calls:
		_BMP280_Write
 This function is called by:
		_BMP280_begin
 This function uses a non-reentrant model


 *************** function _BMP280_Write *****************
 Defined at:
		line 96 in file "BMP280.c"
 Parameters:    Size  Location     Type
  reg_addr        1    wreg     unsigned char 
  _data           1    5[COMMON] unsigned char 
 Auto vars:     Size  Location     Type
  reg_addr        1    8[COMMON] unsigned char 
 Return value:  Size  Location     Type
                  1    wreg      void 
 Registers used:
		wreg, status,2, status,0, pclath, cstack
 Tracked objects:
		On entry : 
		On exit  : 
		Unchanged: 
 Data sizes:     COMMON   BANK0   BANK1   BANK3   BANK2
      Params:         1       0       0       0       0
      Locals:         1       0       0       0       0
      Temps:          2       0       0       0       0
      Totals:         4       0       0       0       0
Total ram usage:        4 bytes
 Hardware stack levels used:    1
 Hardware stack levels required when called:    4
 This function calls:
		_I2C_Master_Start
		_I2C_Master_Stop
		_I2C_Master_Write
 This function is called by:
		_BMP280_Configure
		_BMP280_begin
		_BMP280_ForcedMeasurement
 This function uses a non-reentrant model


 *************** function _I2C_Master_Write *****************
 Defined at:
		line 66 in file "I2C.c"
 Parameters:    Size  Location     Type
  d               2    3[COMMON] unsigned int 
 Auto vars:     Size  Location     Type
		None
 Return value:  Size  Location     Type
                  1    wreg      void 
 Registers used:
		wreg, status,2, status,0, pclath, cstack
 Tracked objects:
		On entry : 
		On exit  : 
		Unchanged: 
 Data sizes:     COMMON   BANK0   BANK1   BANK3   BANK2
      Params:         2       0       0       0       0
      Locals:         0       0       0       0       0
      Temps:          0       0       0       0       0
      Totals:         2       0       0       0       0
Total ram usage:        2 bytes
 Hardware stack levels used:    1
 Hardware stack levels required when called:    3
 This function calls:
		_I2C_Master_Wait
 This function is called by:
		_BMP280_Write
		_BMP280_Read8
		_BMP280_Read16
		_BMP280_Update
 This function uses a non-reentrant model


 *************** function _I2C_Master_Stop *****************
 Defined at:
		line 56 in file "I2C.c"
 Parameters:    Size  Location     Type
		None
 Auto vars:     Size  Location     Type
		None
 Return value:  Size  Location     Type
                  1    wreg      void 
 Registers used:
		wreg, status,2, status,0, pclath, cstack
 Tracked objects:
		On entry : 
		On exit  : 
		Unchanged: 
 Data sizes:     COMMON   BANK0   BANK1   BANK3   BANK2
      Params:         0       0       0       0       0
      Locals:         0       0       0       0       0
      Temps:          0       0       0       0       0
      Totals:         0       0       0       0       0
Total ram usage:        0 bytes
 Hardware stack levels used:    1
 Hardware stack levels required when called:    3
 This function calls:
		_I2C_Master_Wait
 This function is called by:
		_BMP280_Write
		_BMP280_Read8
		_BMP280_Read16
		_BMP280_Update
 This function uses a non-reentrant model


 *************** function _I2C_Master_Start *****************
 Defined at:
		line 40 in file "I2C.c"
 Parameters:    Size  Location     Type
		None
 Auto vars:     Size  Location     Type
		None
 Return value:  Size  Location     Type
                  1    wreg      void 
 Registers used:
		wreg, status,2, status,0, pclath, cstack
 Tracked objects:
		On entry : 
		On exit  : 
		Unchanged: 
 Data sizes:     COMMON   BANK0   BANK1   BANK3   BANK2
      Params:         0       0       0       0       0
      Locals:         0       0       0       0       0
      Temps:          0       0       0       0       0
      Totals:         0       0       0       0       0
Total ram usage:        0 bytes
 Hardware stack levels used:    1
 Hardware stack levels required when called:    3
 This function calls:
		_I2C_Master_Wait
 This function is called by:
		_BMP280_Write
		_BMP280_Read8
		_BMP280_Read16
		_BMP280_Update
 This function uses a non-reentrant model


 *************** function _I2C_Master_Wait *****************
 Defined at:
		line 33 in file "I2C.c"
 Parameters:    Size  Location     Type
		None
 Auto vars:     Size  Location     Type
		None
 Return value:  Size  Location     Type
                  1    wreg      void 
 Registers used:
		wreg, status,2
 Tracked objects:
		On entry : 
		On exit  : 
		Unchanged: 
 Data sizes:     COMMON   BANK0   BANK1   BANK3   BANK2
      Params:         0       0       0       0       0
      Locals:         0       0       0       0       0
      Temps:          0       0       0       0       0
      Totals:         0       0       0       0       0
Total ram usage:        0 bytes
 Hardware stack levels used:    1
 Hardware stack levels required when called:    2
 This function calls:
		Nothing
 This function is called by:
		_I2C_Master_Start
		_I2C_Master_Stop
		_I2C_Master_Write
		_I2C_Master_Read
		_I2C_Master_RepeatedStart
 This function uses a non-reentrant model


 *************** function _isr *****************
 Defined at:
		line 200 in file "mainm2.c"
 Parameters:    Size  Location     Type
		None
 Auto vars:     Size  Location     Type
		None
 Return value:  Size  Location     Type
                  1    wreg      void 
 Registers used:
		wreg, pclath, cstack
 Tracked objects:
		On entry : 
		On exit  : 
		Unchanged: 
 Data sizes:     COMMON   BANK0   BANK1   BANK3   BANK2
      Params:         0       0       0       0       0
      Locals:         0       0       0       0       0
      Temps:          3       0       0       0       0
      Totals:         3       0       0       0       0
Total ram usage:        3 bytes
 Hardware stack levels used:    1
 Hardware stack levels required when called:    1
 This function calls:
		_Receive_Data
 This function is called by:
		Interrupt level 1
 This function uses a non-reentrant model


 *************** function _Receive_Data *****************
 Defined at:
		line 28 in file "UART.c"
 Parameters:    Size  Location     Type
		None
 Auto vars:     Size  Location     Type
		None
 Return value:  Size  Location     Type
                  1    wreg      unsigned char 
 Registers used:
		wreg
 Tracked objects:
		On entry : 
		On exit  : 
		Unchanged: 
 Data sizes:     COMMON   BANK0   BANK1   BANK3   BANK2
      Params:         0       0       0       0       0
      Locals:         0       0       0       0       0
      Temps:          0       0       0       0       0
      Totals:         0       0       0       0       0
Total ram usage:        0 bytes
 Hardware stack levels used:    1
 This function calls:
		Nothing
 This function is called by:
		_isr
 This function uses a non-reentrant model



MODULE INFORMATION

Module		Function		Class		Link	Load	Size
mainm2.c
		_Send_Temp     		CODE           	0ED5	0000	299
		_main          		CODE           	0BF1	0000	138
		_isr           		CODE           	09B8	0000	24
		_setup         		CODE           	09EF	0000	32

mainm2.c estimated size: 493

C:\Program Files\Microchip\xc8\v2.31\pic\sources\c90\common\__lldiv.c
		___lldiv       		CODE           	0784	0000	104

C:\Program Files\Microchip\xc8\v2.31\pic\sources\c90\common\__lldiv.c estimated size: 104

UART.c
		_Send_String   		CODE           	09D0	0000	31
		_Receive_Data  		CODE           	099A	0000	10
		_Send_Data     		CODE           	09AE	0000	10

UART.c estimated size: 51

C:\Program Files\Microchip\xc8\v2.31\pic\sources\c90\common\Umul16.c
		___wmul        		CODE           	0A0F	0000	37

C:\Program Files\Microchip\xc8\v2.31\pic\sources\c90\common\Umul16.c estimated size: 37

I2C.c
		_I2C_Master_Read		CODE           	0A61	0000	46
		_I2C_Master_Wait		CODE           	07EC	0000	13
		_I2C_Master_Init		CODE           	0A8F	0000	56
		_I2C_Master_Stop		CODE           	0991	0000	9
		_I2C_Master_Write		CODE           	09A4	0000	10
		_I2C_Master_Start		CODE           	0988	0000	9

I2C.c estimated size: 143

C:\Program Files\Microchip\xc8\v2.31\pic\sources\c90\common\Umul32.c
		___lmul        		CODE           	0B53	0000	72

C:\Program Files\Microchip\xc8\v2.31\pic\sources\c90\common\Umul32.c estimated size: 72

shared
		__stringtab    		STRING         	0800	0000	6
		__initialization		CODE           	000F	0000	17

shared estimated size: 23

C:\Program Files\Microchip\xc8\v2.31\pic\sources\c90\common\aldiv.c
		___aldiv       		CODE           	0C7B	0000	157

C:\Program Files\Microchip\xc8\v2.31\pic\sources\c90\common\aldiv.c estimated size: 157

BMP280.c
		_BMP280_readTemperature		CODE           	054C	0000	568
		_BMP280_Read8  		CODE           	0AC7	0000	68
		_BMP280_Write  		CODE           	0A34	0000	45
		_BMP280_begin  		CODE           	0D18	0000	222
		_BMP280_Read16 		CODE           	0B9B	0000	86
		_BMP280_Update 		CODE           	0DF6	0000	223
		_BMP280_Configure		CODE           	0B0B	0000	72
		_BMP280_readPressure		CODE           	0024	0000	1320

BMP280.c estimated size: 2604

